Component: ARM Compiler 5.06 update 1 (build 61) Tool: armlink [4d35a8]

==============================================================================

Section Cross References

    main.o(i.main) refers to led_mcb1700.o(i.LED_Initialize) for LED_Initialize
    main.o(i.main) refers to net_sys.o(i.netInitialize) for netInitialize
    main.o(i.main) refers to buttons_mcb1700.o(i.Buttons_Initialize) for Buttons_Initialize
    main.o(i.main) refers to adc_mcb1700.o(i.ADC_Initialize) for ADC_Initialize
    main.o(i.main) refers to net_udp.o(i.netUDP_GetSocket) for netUDP_GetSocket
    main.o(i.main) refers to net_udp.o(i.netUDP_Open) for netUDP_Open
    main.o(i.main) refers to main.o(i.udp_cb_func) for udp_cb_func
    main.o(i.main) refers to main.o(.data) for udp_sock
    main.o(i.send_udp_data) refers to rt_memcpy_w.o(.text) for __aeabi_memcpy4
    main.o(i.send_udp_data) refers to adc_mcb1700.o(i.ADC_StartConversion) for ADC_StartConversion
    main.o(i.send_udp_data) refers to adc_mcb1700.o(i.ADC_GetValue) for ADC_GetValue
    main.o(i.send_udp_data) refers to net_udp.o(i.netUDP_GetBuffer) for netUDP_GetBuffer
    main.o(i.send_udp_data) refers to net_udp.o(i.netUDP_Send) for netUDP_Send
    main.o(i.send_udp_data) refers to main.o(.data) for udp_sock
    main.o(i.send_udp_data) refers to main.o(.constdata) for .constdata
    main.o(i.udp_cb_func) refers to led_mcb1700.o(i.LED_On) for LED_On
    main.o(i.udp_cb_func) refers to main.o(i.send_udp_data) for send_udp_data
    adc_mcb1700.o(i.ADC_ConversionDone) refers to adc_mcb1700.o(.data) for AD_done
    adc_mcb1700.o(i.ADC_GetValue) refers to adc_mcb1700.o(.data) for AD_done
    adc_mcb1700.o(i.ADC_IRQHandler) refers to adc_mcb1700.o(.data) for AD_last
    adc_mcb1700.o(i.ADC_Initialize) refers to pin_lpc17xx.o(i.PIN_Configure) for PIN_Configure
    adc_mcb1700.o(i.ADC_Initialize) refers to adc_mcb1700.o(.constdata) for ADC_PIN
    adc_mcb1700.o(i.ADC_Uninitialize) refers to pin_lpc17xx.o(i.PIN_Configure) for PIN_Configure
    adc_mcb1700.o(i.ADC_Uninitialize) refers to adc_mcb1700.o(.constdata) for ADC_PIN
    buttons_mcb1700.o(i.Buttons_GetState) refers to gpio_lpc17xx.o(i.GPIO_PinRead) for GPIO_PinRead
    buttons_mcb1700.o(i.Buttons_GetState) refers to buttons_mcb1700.o(.constdata) for BUTTON_PIN
    buttons_mcb1700.o(i.Buttons_Initialize) refers to gpio_lpc17xx.o(i.GPIO_PortClock) for GPIO_PortClock
    buttons_mcb1700.o(i.Buttons_Initialize) refers to pin_lpc17xx.o(i.PIN_Configure) for PIN_Configure
    buttons_mcb1700.o(i.Buttons_Initialize) refers to gpio_lpc17xx.o(i.GPIO_SetDir) for GPIO_SetDir
    buttons_mcb1700.o(i.Buttons_Initialize) refers to buttons_mcb1700.o(.constdata) for BUTTON_PIN
    buttons_mcb1700.o(i.Buttons_Uninitialize) refers to pin_lpc17xx.o(i.PIN_Configure) for PIN_Configure
    buttons_mcb1700.o(i.Buttons_Uninitialize) refers to buttons_mcb1700.o(.constdata) for BUTTON_PIN
    led_mcb1700.o(i.LED_Initialize) refers to gpio_lpc17xx.o(i.GPIO_PortClock) for GPIO_PortClock
    led_mcb1700.o(i.LED_Initialize) refers to pin_lpc17xx.o(i.PIN_Configure) for PIN_Configure
    led_mcb1700.o(i.LED_Initialize) refers to gpio_lpc17xx.o(i.GPIO_SetDir) for GPIO_SetDir
    led_mcb1700.o(i.LED_Initialize) refers to gpio_lpc17xx.o(i.GPIO_PinWrite) for GPIO_PinWrite
    led_mcb1700.o(i.LED_Initialize) refers to led_mcb1700.o(.constdata) for LED_PIN
    led_mcb1700.o(i.LED_Off) refers to gpio_lpc17xx.o(i.GPIO_PinWrite) for GPIO_PinWrite
    led_mcb1700.o(i.LED_Off) refers to led_mcb1700.o(.constdata) for LED_PIN
    led_mcb1700.o(i.LED_On) refers to gpio_lpc17xx.o(i.GPIO_PinWrite) for GPIO_PinWrite
    led_mcb1700.o(i.LED_On) refers to led_mcb1700.o(.constdata) for LED_PIN
    led_mcb1700.o(i.LED_SetOut) refers to led_mcb1700.o(i.LED_On) for LED_On
    led_mcb1700.o(i.LED_SetOut) refers to led_mcb1700.o(i.LED_Off) for LED_Off
    led_mcb1700.o(i.LED_Uninitialize) refers to pin_lpc17xx.o(i.PIN_Configure) for PIN_Configure
    led_mcb1700.o(i.LED_Uninitialize) refers to led_mcb1700.o(.constdata) for LED_PIN
    rtx_conf_cm.o(.emb_text) refers to rt_cmsis.o(i.osKernelInitialize) for osKernelInitialize
    rtx_conf_cm.o(.emb_text) refers to rt_cmsis.o(i.osThreadCreate) for osThreadCreate
    rtx_conf_cm.o(.emb_text) refers to rt_cmsis.o(i.osKernelStart) for osKernelStart
    rtx_conf_cm.o(.emb_text) refers to exit.o(.text) for exit
    rtx_conf_cm.o(.emb_text) refers to rtx_conf_cm.o(.constdata) for os_thread_def_main
    rtx_conf_cm.o(i.__user_perthread_libspace) refers to rt_task.o(i.rt_tsk_self) for rt_tsk_self
    rtx_conf_cm.o(i.__user_perthread_libspace) refers to rt_cmsis.o(.data) for os_running
    rtx_conf_cm.o(i.__user_perthread_libspace) refers to rtx_conf_cm.o(.bss) for .bss
    rtx_conf_cm.o(i.__user_perthread_libspace) refers to libspace.o(.bss) for __libspace_start
    rtx_conf_cm.o(i._mutex_acquire) refers to rt_cmsis.o(.data) for os_running
    rtx_conf_cm.o(i._mutex_acquire) refers to rt_mutex.o(i.rt_mut_wait) for rt_mut_wait
[...]
    CAN_IRQHandler                           0x0000031b   Thumb Code     0  startup_lpc17xx.o(.text)
    EINT0_IRQHandler                         0x0000031b   Thumb Code     0  startup_lpc17xx.o(.text)
    EINT1_IRQHandler                         0x0000031b   Thumb Code     0  startup_lpc17xx.o(.text)
    EINT2_IRQHandler                         0x0000031b   Thumb Code     0  startup_lpc17xx.o(.text)
    EINT3_IRQHandler                         0x0000031b   Thumb Code     0  startup_lpc17xx.o(.text)
    I2C0_IRQHandler                          0x0000031b   Thumb Code     0  startup_lpc17xx.o(.text)
    I2C1_IRQHandler                          0x0000031b   Thumb Code     0  startup_lpc17xx.o(.text)
    I2C2_IRQHandler                          0x0000031b   Thumb Code     0  startup_lpc17xx.o(.text)
    I2S_IRQHandler                           0x0000031b   Thumb Code     0  startup_lpc17xx.o(.text)
    MCPWM_IRQHandler                         0x0000031b   Thumb Code     0  startup_lpc17xx.o(.text)
    PLL0_IRQHandler                          0x0000031b   Thumb Code     0  startup_lpc17xx.o(.text)
    PLL1_IRQHandler                          0x0000031b   Thumb Code     0  startup_lpc17xx.o(.text)
    PWM1_IRQHandler                          0x0000031b   Thumb Code     0  startup_lpc17xx.o(.text)
    QEI_IRQHandler                           0x0000031b   Thumb Code     0  startup_lpc17xx.o(.text)
    RIT_IRQHandler                           0x0000031b   Thumb Code     0  startup_lpc17xx.o(.text)
    RTC_IRQHandler                           0x0000031b   Thumb Code     0  startup_lpc17xx.o(.text)
    SPI_IRQHandler                           0x0000031b   Thumb Code     0  startup_lpc17xx.o(.text)
    SSP0_IRQHandler                          0x0000031b   Thumb Code     0  startup_lpc17xx.o(.text)
    TIMER0_IRQHandler                        0x0000031b   Thumb Code     0  startup_lpc17xx.o(.text)
    TIMER1_IRQHandler                        0x0000031b   Thumb Code     0  startup_lpc17xx.o(.text)
    TIMER2_IRQHandler                        0x0000031b   Thumb Code     0  startup_lpc17xx.o(.text)
    TIMER3_IRQHandler                        0x0000031b   Thumb Code     0  startup_lpc17xx.o(.text)
    UART0_IRQHandler                         0x0000031b   Thumb Code     0  startup_lpc17xx.o(.text)
    UART1_IRQHandler                         0x0000031b   Thumb Code     0  startup_lpc17xx.o(.text)
    UART2_IRQHandler                         0x0000031b   Thumb Code     0  startup_lpc17xx.o(.text)
    UART3_IRQHandler                         0x0000031b   Thumb Code     0  startup_lpc17xx.o(.text)
    USBActivity_IRQHandler                   0x0000031b   Thumb Code     0  startup_lpc17xx.o(.text)
    USB_IRQHandler                           0x0000031b   Thumb Code     0  startup_lpc17xx.o(.text)
    WDT_IRQHandler                           0x0000031b   Thumb Code     0  startup_lpc17xx.o(.text)
    __user_initial_stackheap                 0x0000031d   Thumb Code     0  startup_lpc17xx.o(.text)
    __aeabi_uldivmod                         0x0000033d   Thumb Code     0  lludivv7m.o(.text)
    _ll_udiv                                 0x0000033d   Thumb Code   238  lludivv7m.o(.text)
    __0sscanf                                0x0000042d   Thumb Code    52  __0sscanf.o(.text)
    _scanf_int                               0x00000469   Thumb Code   332  _scanf_int.o(.text)
    __RL_RTX_VER                             0x00000482   Number         0  rt_system.o ABSOLUTE
    memcmp                                   0x000005b5   Thumb Code    88  memcmp.o(.text)
    __aeabi_memcpy                           0x0000060d   Thumb Code     0  rt_memcpy_v6.o(.text)
    __rt_memcpy                              0x0000060d   Thumb Code   138  rt_memcpy_v6.o(.text)
    _memcpy_lastbytes                        0x00000673   Thumb Code     0  rt_memcpy_v6.o(.text)
    __aeabi_memcpy4                          0x00000697   Thumb Code     0  rt_memcpy_w.o(.text)
    __aeabi_memcpy8                          0x00000697   Thumb Code     0  rt_memcpy_w.o(.text)
    __rt_memcpy_w                            0x00000697   Thumb Code   100  rt_memcpy_w.o(.text)
    _memcpy_lastbytes_aligned                0x000006df   Thumb Code     0  rt_memcpy_w.o(.text)
    __aeabi_memclr                           0x000006fb   Thumb Code     0  rt_memclr.o(.text)
    __rt_memclr                              0x000006fb   Thumb Code    68  rt_memclr.o(.text)
    _memset                                  0x000006ff   Thumb Code     0  rt_memclr.o(.text)
    __aeabi_memclr4                          0x0000073f   Thumb Code     0  rt_memclr_w.o(.text)
    __aeabi_memclr8                          0x0000073f   Thumb Code     0  rt_memclr_w.o(.text)
    __rt_memclr_w                            0x0000073f   Thumb Code    78  rt_memclr_w.o(.text)
    _memset_w                                0x00000743   Thumb Code     0  rt_memclr_w.o(.text)
    _chval                                   0x0000078d   Thumb Code    28  _chval.o(.text)
    __vfscanf_char                           0x000007b5   Thumb Code    24  scanf_char.o(.text)
    _sgetc                                   0x000007d5   Thumb Code    30  _sgetc.o(.text)
    _sbackspace                              0x000007f3   Thumb Code    34  _sgetc.o(.text)
    isspace                                  0x00000815   Thumb Code    18  isspace.o(.text)
    __vfscanf                                0x00000829   Thumb Code   878  _scanf.o(.text)
    __user_setup_stackheap                   0x00000b9d   Thumb Code    74  sys_stackheap_outer.o(.text)
    __rt_ctype_table                         0x00000be9   Thumb Code    16  rt_ctype_table.o(.text)
    __rt_locale                              0x00000bf9   Thumb Code    10  rt_locale_twolibspace.o(.text)
    strcmp                                   0x00000c05   Thumb Code   128  strcmpv7m.o(.text)
    SVC_Count                                0x00000c84   Data           4  svc_table.o(SVC_TABLE)
    ADC_GetValue                             0x00000c89   Thumb Code    24  adc_mcb1700.o(i.ADC_GetValue)
    SVC_Table                                0x00000c88   Data           0  svc_table.o(SVC_TABLE)
    ADC_IRQHandler                           0x00000ca9   Thumb Code    28  adc_mcb1700.o(i.ADC_IRQHandler)
    ADC_Initialize                           0x00000cd1   Thumb Code    78  adc_mcb1700.o(i.ADC_Initialize)
    ADC_StartConversion                      0x00000d31   Thumb Code    26  adc_mcb1700.o(i.ADC_StartConversion)
    Buttons_Initialize                       0x00000d51   Thumb Code    42  buttons_mcb1700.o(i.Buttons_Initialize)
    DMA_IRQHandler                           0x00000f41   Thumb Code   372  gpdma_lpc17xx.o(i.DMA_IRQHandler)
    ENET_IRQHandler                          0x000010c1   Thumb Code    62  emac_lpc17xx.o(i.ENET_IRQHandler)
    GPDMA_ChannelConfigure                   0x00001109   Thumb Code   232  gpdma_lpc17xx.o(i.GPDMA_ChannelConfigure)
    GPDMA_ChannelDisable                     0x000011fd   Thumb Code    44  gpdma_lpc17xx.o(i.GPDMA_ChannelDisable)
    GPDMA_ChannelGetCount                    0x0000122d   Thumb Code    38  gpdma_lpc17xx.o(i.GPDMA_ChannelGetCount)
    GPDMA_Initialize                         0x0000125d   Thumb Code   146  gpdma_lpc17xx.o(i.GPDMA_Initialize)
    GPDMA_PeripheralSelect                   0x00001305   Thumb Code    62  gpdma_lpc17xx.o(i.GPDMA_PeripheralSelect)
    GPDMA_Uninitialize                       0x00001349   Thumb Code   116  gpdma_lpc17xx.o(i.GPDMA_Uninitialize)
    GPIO_PinWrite                            0x000013c9   Thumb Code    36  gpio_lpc17xx.o(i.GPIO_PinWrite)
    GPIO_PortClock                           0x000013f1   Thumb Code    38  gpio_lpc17xx.o(i.GPIO_PortClock)
    GPIO_PortRead                            0x0000141d   Thumb Code    14  gpio_lpc17xx.o(i.GPIO_PortRead)
    GPIO_SetDir                              0x00001431   Thumb Code    52  gpio_lpc17xx.o(i.GPIO_SetDir)
    LED_Initialize                           0x000017b9   Thumb Code    88  led_mcb1700.o(i.LED_Initialize)
    LED_On                                   0x00001815   Thumb Code    40  led_mcb1700.o(i.LED_On)
    PIN_Configure                            0x00001a01   Thumb Code   246  pin_lpc17xx.o(i.PIN_Configure)
    SSP1_GPDMA_Rx_SignalEvent                0x00001e81   Thumb Code    14  ssp_lpc17xx.o(i.SSP1_GPDMA_Rx_SignalEvent)
    SSP1_GPDMA_Tx_SignalEvent                0x00001e95   Thumb Code    14  ssp_lpc17xx.o(i.SSP1_GPDMA_Tx_SignalEvent)
    SSP1_IRQHandler                          0x00001ec9   Thumb Code    10  ssp_lpc17xx.o(i.SSP1_IRQHandler)
    SSPx_GPDMA_Rx_SignalEvent                0x00002497   Thumb Code    54  ssp_lpc17xx.o(i.SSPx_GPDMA_Rx_SignalEvent)
    SSPx_GPDMA_Tx_SignalEvent                0x000024cd   Thumb Code    28  ssp_lpc17xx.o(i.SSPx_GPDMA_Tx_SignalEvent)
    SystemInit                               0x00002ff5   Thumb Code   302  system_lpc17xx.o(i.SystemInit)
    _init_box                                0x00003281   Thumb Code    70  rt_membox.o(i._init_box)
    _mutex_acquire                           0x000032c9   Thumb Code    22  rtx_conf_cm.o(i._mutex_acquire)
    _mutex_release                           0x000032e9   Thumb Code    18  rtx_conf_cm.o(i._mutex_release)
    dbg_init                                 0x0000362d   Thumb Code    34  hal_cm.o(i.dbg_init)
    dbg_task_notify                          0x0000365d   Thumb Code    32  hal_cm.o(i.dbg_task_notify)
    dbg_task_switch                          0x0000367d   Thumb Code    16  hal_cm.o(i.dbg_task_switch)
    isrMessageGet                            0x00003a09   Thumb Code    42  rt_cmsis.o(i.isrMessageGet)
    isrMessagePut                            0x00003a33   Thumb Code    44  rt_cmsis.o(i.isrMessagePut)
    isrSemaphoreRelease                      0x00003a5f   Thumb Code    40  rt_cmsis.o(i.isrSemaphoreRelease)
    isrSignalSet                             0x00003a87   Thumb Code    36  rt_cmsis.o(i.isrSignalSet)
    isr_evt_set                              0x00003aad   Thumb Code    34  rt_event.o(i.isr_evt_set)
    isr_mbx_receive                          0x00003ad5   Thumb Code    86  rt_mailbox.o(i.isr_mbx_receive)
    isr_mbx_send                             0x00003b2b   Thumb Code    14  rt_mailbox.o(i.isr_mbx_send)
    isr_sem_send                             0x00003b39   Thumb Code    16  rt_semaphore.o(i.isr_sem_send)
    main                                     0x00003b49   Thumb Code    50  main.o(i.main)
    netCore_Thread                           0x000040f9   Thumb Code    76  net_sys.o(i.netCore_Thread)
    netETH_Thread                            0x00004151   Thumb Code    56  net_eth.o(i.netETH_Thread)
    netInitialize                            0x0000418d   Thumb Code   114  net_sys.o(i.netInitialize)
    netMAC_aton                              0x00004215   Thumb Code   112  net_addr.o(i.netMAC_aton)
    netUDP_GetBuffer                         0x00004291   Thumb Code     4  net_udp.o(i.netUDP_GetBuffer)
    netUDP_GetSocket                         0x00004295   Thumb Code    24  net_udp.o(i.netUDP_GetSocket)
    netUDP_Open                              0x000042ad   Thumb Code    28  net_udp.o(i.netUDP_Open)
    netUDP_Send                              0x000042c9   Thumb Code    40  net_udp.o(i.netUDP_Send)
    net_addr4_aton                           0x000042f1   Thumb Code    82  net_addr.o(i.net_addr4_aton)
    net_addr4_is_subnet                      0x00004359   Thumb Code    26  net_addr.o(i.net_addr4_is_subnet)
    net_addr6_aton                           0x00004375   Thumb Code   240  net_addr.o(i.net_addr6_aton)
    net_addr6_comp                           0x00004469   Thumb Code    40  net_addr.o(i.net_addr6_comp)
    net_addr6_copy                           0x00004491   Thumb Code    18  net_addr.o(i.net_addr6_copy)
    net_addr6_create                         0x000044a5   Thumb Code    70  net_addr.o(i.net_addr6_create)
    net_addr6_get_solicited                  0x000044f1   Thumb Code    34  net_addr.o(i.net_addr6_get_solicited)
    net_addr6_is_linklocal                   0x0000451d   Thumb Code    24  net_addr.o(i.net_addr6_is_linklocal)
    net_addr6_is_onlink                      0x00004535   Thumb Code   108  net_addr.o(i.net_addr6_is_onlink)
    net_addr6_is_solicited                   0x000045a1   Thumb Code    72  net_addr.o(i.net_addr6_is_solicited)
    net_addr6_is_unspec                      0x000045e9   Thumb Code    24  net_addr.o(i.net_addr6_is_unspec)
    net_addr_get_local                       0x00004601   Thumb Code    14  net_addr.o(i.net_addr_get_local)
    net_addr_is_unspec                       0x0000460f   Thumb Code    34  net_addr.o(i.net_addr_is_unspec)
    net_arp_cache_add                        0x00004631   Thumb Code   168  net_arp.o(i.net_arp_cache_add)
    net_arp_cache_early                      0x000046e1   Thumb Code   140  net_arp.o(i.net_arp_cache_early)
    net_arp_cache_find                       0x00004775   Thumb Code   164  net_arp.o(i.net_arp_cache_find)
    net_arp_init                             0x00004825   Thumb Code    46  net_arp.o(i.net_arp_init)
    net_arp_notify                           0x0000485d   Thumb Code    30  net_arp.o(i.net_arp_notify)
    net_arp_process                          0x00004889   Thumb Code   314  net_arp.o(i.net_arp_process)
    net_arp_run                              0x000049d1   Thumb Code   232  net_arp.o(i.net_arp_run)
    net_eth_iface_init                       0x00004ac9   Thumb Code   510  net_eth.o(i.net_eth_iface_init)
    net_eth_iface_run                        0x00004ce1   Thumb Code   356  net_eth.o(i.net_eth_iface_run)
    net_eth_is_my_addr                       0x00004e55   Thumb Code    28  net_eth.o(i.net_eth_is_my_addr)
    net_eth_output                           0x00004e75   Thumb Code    54  net_eth.o(i.net_eth_output)
    net_eth_send_frame                       0x00004eb1   Thumb Code   204  net_eth.o(i.net_eth_send_frame)
    net_eth_update_filter                    0x00004f8d   Thumb Code   246  net_eth.o(i.net_eth_update_filter)
    net_icmp6_process                        0x00005095   Thumb Code   290  net_icmp6.o(i.net_icmp6_process)
    net_icmp6_send                           0x000051c5   Thumb Code    92  net_icmp6.o(i.net_icmp6_send)
    net_icmp6_send_echo                      0x00005221   Thumb Code    72  net_icmp6.o(i.net_icmp6_send_echo)
    net_icmp_process                         0x00005271   Thumb Code   210  net_icmp.o(i.net_icmp_process)
    net_icmp_send_echo                       0x00005351   Thumb Code   116  net_icmp.o(i.net_icmp_send_echo)
    net_igmp_collect_addr                    0x000053cd   Thumb Code     4  net_config.o(i.net_igmp_collect_addr)
    net_igmp_is_member                       0x000053d1   Thumb Code     4  net_config.o(i.net_igmp_is_member)
    net_igmp_process                         0x000053d5   Thumb Code     2  net_config.o(i.net_igmp_process)
    net_ip4_checksum                         0x000053d7   Thumb Code    76  net_ip4.o(i.net_ip4_checksum)
    net_ip4_chk_frame                        0x00005425   Thumb Code   192  net_ip4.o(i.net_ip4_chk_frame)
    net_ip4_chksum_buf                       0x000054f1   Thumb Code    50  net_ip4.o(i.net_ip4_chksum_buf)
    net_ip4_get_local                        0x00005525   Thumb Code    52  net_ip4.o(i.net_ip4_get_local)
    net_ip4_init                             0x00005565   Thumb Code    12  net_ip4.o(i.net_ip4_init)
    net_ip4_is_subcast                       0x00005575   Thumb Code    38  net_ip4.o(i.net_ip4_is_subcast)
    net_ip4_send_frame                       0x000055a1   Thumb Code   266  net_ip4.o(i.net_ip4_send_frame)
    net_ip4_tx_offload                       0x000056b5   Thumb Code    44  net_ip4.o(i.net_ip4_tx_offload)
    net_ip6_checksum                         0x000056e9   Thumb Code    82  net_ip6.o(i.net_ip6_checksum)
    net_ip6_chk_frame                        0x0000573d   Thumb Code   150  net_ip6.o(i.net_ip6_chk_frame)
    net_ip6_get_local                        0x000057e1   Thumb Code    78  net_ip6.o(i.net_ip6_get_local)
    net_ip6_init                             0x0000583d   Thumb Code    10  net_ip6.o(i.net_ip6_init)
    net_ip6_send_frame                       0x0000584d   Thumb Code   166  net_ip6.o(i.net_ip6_send_frame)
    net_ip6_tx_netif                         0x00005901   Thumb Code     6  net_ip6.o(i.net_ip6_tx_netif)
    net_ip6_tx_offload                       0x0000590d   Thumb Code    40  net_ip6.o(i.net_ip6_tx_offload)
    net_loop_iface_init                      0x0000593d   Thumb Code    30  net_loop.o(i.net_loop_iface_init)
    net_loop_iface_run                       0x00005965   Thumb Code   138  net_loop.o(i.net_loop_iface_run)
    net_loop_send_frame                      0x000059f9   Thumb Code    66  net_loop.o(i.net_loop_send_frame)
    net_mem_alloc                            0x00005a41   Thumb Code   130  net_mem.o(i.net_mem_alloc)
    net_mem_free                             0x00005acd   Thumb Code   100  net_mem.o(i.net_mem_free)
    net_mem_init                             0x00005b39   Thumb Code    88  net_mem.o(i.net_mem_init)
    net_memcrc                               0x00005b99   Thumb Code    32  net_common.o(i.net_memcrc)
    net_ndp_cache_find                       0x00005bb9   Thumb Code   136  net_ndp.o(i.net_ndp_cache_find)
    net_ndp_cache_refresh                    0x00005c4d   Thumb Code    78  net_ndp.o(i.net_ndp_cache_refresh)
    net_ndp_init                             0x00005ca1   Thumb Code    68  net_ndp.o(i.net_ndp_init)
    net_ndp_process                          0x00005cf1   Thumb Code   540  net_ndp.o(i.net_ndp_process)
    net_ndp_run                              0x00005f1d   Thumb Code   194  net_ndp.o(i.net_ndp_run)
    net_ping_client_init                     0x00005fed   Thumb Code    10  net_ping.o(i.net_ping_client_init)
    net_ping_client_run                      0x00005ffd   Thumb Code    56  net_ping.o(i.net_ping_client_run)
    net_ppp_send_frame                       0x0000603d   Thumb Code     4  net_config.o(i.net_ppp_send_frame)
    net_rand32                               0x00006041   Thumb Code    18  net_sys.o(i.net_rand32)
    net_slip_send_frame                      0x0000605d   Thumb Code     4  net_config.o(i.net_slip_send_frame)
    net_strcpy                               0x00006061   Thumb Code    18  net_common.o(i.net_strcpy)
    net_sys_error                            0x00006073   Thumb Code     2  net_config.o(i.net_sys_error)
    net_sys_lock                             0x00006075   Thumb Code    12  net_sys.o(i.net_sys_lock)
    net_sys_unlock                           0x00006099   Thumb Code     8  net_sys.o(i.net_sys_unlock)
    net_sys_wakeup                           0x000060a5   Thumb Code    24  net_sys.o(i.net_sys_wakeup)
    net_tcp_process                          0x000060c5   Thumb Code     2  net_config.o(i.net_tcp_process)
    net_udp_get_buf                          0x000060c7   Thumb Code    30  net_udp.o(i.net_udp_get_buf)
    net_udp_get_socket                       0x000060e5   Thumb Code    70  net_udp.o(i.net_udp_get_socket)
    net_udp_open                             0x00006131   Thumb Code    98  net_udp.o(i.net_udp_open)
    net_udp_process                          0x0000619d   Thumb Code   214  net_udp.o(i.net_udp_process)
    net_udp_send                             0x00006281   Thumb Code   368  net_udp.o(i.net_udp_send)
    net_udp_socket_init                      0x000063f5   Thumb Code    16  net_udp.o(i.net_udp_socket_init)
    osKernelInitialize                       0x00006409   Thumb Code    30  rt_cmsis.o(i.osKernelInitialize)
    osKernelStart                            0x0000642d   Thumb Code    98  rt_cmsis.o(i.osKernelStart)
    osKernelSysTick                          0x00006499   Thumb Code    18  rt_cmsis.o(i.osKernelSysTick)
    osMessageGet                             0x000064b1   Thumb Code    18  rt_cmsis.o(i.osMessageGet)
    osMutexCreate                            0x000064c9   Thumb Code    36  rt_cmsis.o(i.osMutexCreate)
    osMutexRelease                           0x000064f5   Thumb Code    18  rt_cmsis.o(i.osMutexRelease)
    osMutexWait                              0x0000650d   Thumb Code    18  rt_cmsis.o(i.osMutexWait)
    osSemaphoreCreate                        0x00006525   Thumb Code    36  rt_cmsis.o(i.osSemaphoreCreate)
    osSemaphoreRelease                       0x00006551   Thumb Code    18  rt_cmsis.o(i.osSemaphoreRelease)
    osSemaphoreWait                          0x00006569   Thumb Code    20  rt_cmsis.o(i.osSemaphoreWait)
    osSignalClear                            0x00006581   Thumb Code    20  rt_cmsis.o(i.osSignalClear)
    osSignalSet                              0x00006599   Thumb Code    18  rt_cmsis.o(i.osSignalSet)
    osSignalWait                             0x000065b1   Thumb Code    18  rt_cmsis.o(i.osSignalWait)
    osThreadCreate                           0x000065c9   Thumb Code    36  rt_cmsis.o(i.osThreadCreate)
    osThreadExit                             0x000065f5   Thumb Code    14  rt_cmsis.o(i.osThreadExit)
    osThreadYield                            0x0000660d   Thumb Code    18  rt_cmsis.o(i.osThreadYield)
    osTimerCall                              0x00006625   Thumb Code     8  rt_cmsis.o(i.osTimerCall)
    osTimerCreate                            0x00006631   Thumb Code    36  rt_cmsis.o(i.osTimerCreate)
    osTimerStart                             0x0000665d   Thumb Code    18  rt_cmsis.o(i.osTimerStart)
    osTimerThread                            0x00006675   Thumb Code    38  rt_cmsis.o(i.osTimerThread)
    os_error                                 0x000066a1   Thumb Code    34  rtx_conf_cm.o(i.os_error)
    os_idle_demon                            0x000066c3   Thumb Code     4  rtx_conf_cm.o(i.os_idle_demon)
    os_tick_init                             0x000066c9   Thumb Code    32  rt_system.o(i.os_tick_init)
    os_tick_irqack                           0x000066f1   Thumb Code     2  rt_system.o(i.os_tick_irqack)
    os_tick_ovf                              0x000066f5   Thumb Code    10  rt_system.o(i.os_tick_ovf)
    os_tick_val                              0x00006705   Thumb Code    14  rt_system.o(i.os_tick_val)
    rt_alloc_box                             0x00006775   Thumb Code    26  rt_membox.o(i.rt_alloc_box)
    rt_alloc_mem                             0x0000678f   Thumb Code    62  rt_memory.o(i.rt_alloc_mem)
    rt_block                                 0x000067cd   Thumb Code    48  rt_task.o(i.rt_block)
    rt_chk_robin                             0x00006805   Thumb Code    60  rt_robin.o(i.rt_chk_robin)
    rt_dec_dly                               0x0000684d   Thumb Code   102  rt_list.o(i.rt_dec_dly)
    rt_dispatch                              0x000068bd   Thumb Code    60  rt_task.o(i.rt_dispatch)
    rt_evt_clr                               0x00006901   Thumb Code    22  rt_event.o(i.rt_evt_clr)
    rt_evt_psh                               0x0000691d   Thumb Code    76  rt_event.o(i.rt_evt_psh)
    rt_evt_set                               0x0000696d   Thumb Code    88  rt_event.o(i.rt_evt_set)
    rt_evt_wait                              0x000069c9   Thumb Code    56  rt_event.o(i.rt_evt_wait)
    rt_free_box                              0x00006a05   Thumb Code    44  rt_membox.o(i.rt_free_box)
    rt_free_mem                              0x00006a31   Thumb Code    40  rt_memory.o(i.rt_free_mem)
    rt_get_first                             0x00006a59   Thumb Code    40  rt_list.o(i.rt_get_first)
    rt_get_same_rdy_prio                     0x00006a81   Thumb Code    26  rt_list.o(i.rt_get_same_rdy_prio)
    rt_init_mem                              0x00006af5   Thumb Code    26  rt_memory.o(i.rt_init_mem)
    rt_init_robin                            0x00006b11   Thumb Code    14  rt_robin.o(i.rt_init_robin)
    rt_init_stack                            0x00006b29   Thumb Code   118  hal_cm.o(i.rt_init_stack)
    rt_mbx_check                             0x00006ba9   Thumb Code     8  rt_mailbox.o(i.rt_mbx_check)
    rt_mbx_init                              0x00006bb1   Thumb Code    26  rt_mailbox.o(i.rt_mbx_init)
    rt_mbx_psh                               0x00006bcd   Thumb Code   236  rt_mailbox.o(i.rt_mbx_psh)
    rt_mbx_wait                              0x00006cbd   Thumb Code   174  rt_mailbox.o(i.rt_mbx_wait)
    rt_mut_init                              0x00006db5   Thumb Code    16  rt_mutex.o(i.rt_mut_init)
    rt_mut_release                           0x00006dc5   Thumb Code   208  rt_mutex.o(i.rt_mut_release)
    rt_mut_wait                              0x00006e9d   Thumb Code   114  rt_mutex.o(i.rt_mut_wait)
    rt_pop_req                               0x00006f15   Thumb Code   112  rt_system.o(i.rt_pop_req)
    rt_psh_req                               0x00006f91   Thumb Code    22  rt_system.o(i.rt_psh_req)
    rt_psq_enq                               0x00006fb1   Thumb Code    88  rt_list.o(i.rt_psq_enq)
    rt_put_dly                               0x0000700d   Thumb Code    68  rt_list.o(i.rt_put_dly)
    rt_put_prio                              0x00007055   Thumb Code    54  rt_list.o(i.rt_put_prio)
    rt_put_rdy_first                         0x0000708d   Thumb Code    14  rt_list.o(i.rt_put_rdy_first)
    rt_resort_prio                           0x000070a1   Thumb Code    46  rt_list.o(i.rt_resort_prio)
    rt_ret_val                               0x000070d5   Thumb Code     6  hal_cm.o(i.rt_ret_val)
    rt_ret_val2                              0x000070db   Thumb Code     8  hal_cm.o(i.rt_ret_val2)
    rt_rmv_dly                               0x000070e3   Thumb Code    40  rt_list.o(i.rt_rmv_dly)
    rt_rmv_list                              0x0000710d   Thumb Code    44  rt_list.o(i.rt_rmv_list)
    rt_sem_init                              0x0000713d   Thumb Code    12  rt_semaphore.o(i.rt_sem_init)
    rt_sem_psh                               0x00007149   Thumb Code    48  rt_semaphore.o(i.rt_sem_psh)
    rt_sem_send                              0x0000717d   Thumb Code    42  rt_semaphore.o(i.rt_sem_send)
    rt_sem_wait                              0x000071a9   Thumb Code    58  rt_semaphore.o(i.rt_sem_wait)
    rt_stk_check                             0x000071e9   Thumb Code    28  rt_system.o(i.rt_stk_check)
    rt_switch_req                            0x0000720d   Thumb Code    30  rt_task.o(i.rt_switch_req)
    rt_sys_init                              0x00007235   Thumb Code   138  rt_task.o(i.rt_sys_init)
    rt_sys_start                             0x00007301   Thumb Code   110  rt_task.o(i.rt_sys_start)
    rt_systick                               0x00007379   Thumb Code    50  rt_system.o(i.rt_systick)
    rt_tsk_create                            0x0000743d   Thumb Code   118  rt_task.o(i.rt_tsk_create)
    rt_tsk_delete                            0x000074c5   Thumb Code   352  rt_task.o(i.rt_tsk_delete)
    rt_tsk_pass                              0x00007641   Thumb Code    38  rt_task.o(i.rt_tsk_pass)
    rt_tsk_prio                              0x00007671   Thumb Code   108  rt_task.o(i.rt_tsk_prio)
    rt_tsk_self                              0x000076ed   Thumb Code    12  rt_task.o(i.rt_tsk_self)
    send_udp_data                            0x000076fd   Thumb Code    94  main.o(i.send_udp_data)
    svcKernelInitialize                      0x0000776d   Thumb Code    80  rt_cmsis.o(i.svcKernelInitialize)
    svcKernelStart                           0x000077dd   Thumb Code    62  rt_cmsis.o(i.svcKernelStart)
    svcKernelSysTick                         0x00007825   Thumb Code    46  rt_cmsis.o(i.svcKernelSysTick)
    svcMessageCreate                         0x0000785d   Thumb Code    36  rt_cmsis.o(i.svcMessageCreate)
    svcMessageGet                            0x00007881   Thumb Code    58  rt_cmsis.o(i.svcMessageGet)
    svcMutexCreate                           0x000078bb   Thumb Code    28  rt_cmsis.o(i.svcMutexCreate)
    svcMutexRelease                          0x000078d7   Thumb Code    34  rt_cmsis.o(i.svcMutexRelease)
    svcMutexWait                             0x000078f9   Thumb Code    58  rt_cmsis.o(i.svcMutexWait)
    svcSemaphoreCreate                       0x00007933   Thumb Code    36  rt_cmsis.o(i.svcSemaphoreCreate)
    svcSemaphoreRelease                      0x00007957   Thumb Code    40  rt_cmsis.o(i.svcSemaphoreRelease)
    svcSemaphoreWait                         0x0000797f   Thumb Code    50  rt_cmsis.o(i.svcSemaphoreWait)
    svcSignalClear                           0x000079b1   Thumb Code    36  rt_cmsis.o(i.svcSignalClear)
    svcSignalSet                             0x000079d5   Thumb Code    36  rt_cmsis.o(i.svcSignalSet)
    svcSignalWait                            0x000079f9   Thumb Code    80  rt_cmsis.o(i.svcSignalWait)
    svcThreadCreate                          0x00007a4d   Thumb Code    96  rt_cmsis.o(i.svcThreadCreate)
    svcThreadGetId                           0x00007ab9   Thumb Code    22  rt_cmsis.o(i.svcThreadGetId)
    svcThreadTerminate                       0x00007ad5   Thumb Code    50  rt_cmsis.o(i.svcThreadTerminate)
    svcThreadYield                           0x00007b0d   Thumb Code    10  rt_cmsis.o(i.svcThreadYield)
    svcTimerCall                             0x00007b17   Thumb Code    24  rt_cmsis.o(i.svcTimerCall)
    svcTimerCreate                           0x00007b31   Thumb Code    52  rt_cmsis.o(i.svcTimerCreate)
    svcTimerStart                            0x00007b69   Thumb Code    96  rt_cmsis.o(i.svcTimerStart)
    sysTimerTick                             0x00007bcd   Thumb Code    84  rt_cmsis.o(i.sysTimerTick)
    udp_cb_func                              0x00007ca1   Thumb Code    42  main.o(i.udp_cb_func)
    _get_lc_ctype                            0x00007cf9   Thumb Code    44  lc_ctype_c.o(locale$$code)
    ADC_PIN                                  0x00007d38   Data           2  adc_mcb1700.o(.constdata)
    BUTTON_PIN                               0x00007d3a   Data           2  buttons_mcb1700.o(.constdata)
    LED_PIN                                  0x00007d3c   Data          16  led_mcb1700.o(.constdata)
    os_maxtaskrun                            0x00007d4c   Data           2  rtx_conf_cm.o(.constdata)
    os_stackinfo                             0x00007d50   Data           4  rtx_conf_cm.o(.constdata)
    os_rrobin                                0x00007d54   Data           4  rtx_conf_cm.o(.constdata)
    os_tickfreq                              0x00007d58   Data           4  rtx_conf_cm.o(.constdata)
    os_tickus_i                              0x00007d5c   Data           2  rtx_conf_cm.o(.constdata)
    os_tickus_f                              0x00007d5e   Data           2  rtx_conf_cm.o(.constdata)
    os_trv                                   0x00007d60   Data           4  rtx_conf_cm.o(.constdata)
    os_flags                                 0x00007d64   Data           1  rtx_conf_cm.o(.constdata)
    CMSIS_RTOS_API_Version                   0x00007d68   Data           4  rtx_conf_cm.o(.constdata)
    CMSIS_RTOS_RTX_Version                   0x00007d6c   Data           4  rtx_conf_cm.o(.constdata)
    os_clockrate                             0x00007d70   Data           4  rtx_conf_cm.o(.constdata)
    os_timernum                              0x00007d74   Data           4  rtx_conf_cm.o(.constdata)
    mp_tcb_size                              0x00007d78   Data           2  rtx_conf_cm.o(.constdata)
    mp_stk_size                              0x00007d7c   Data           4  rtx_conf_cm.o(.constdata)
    os_stack_sz                              0x00007d80   Data           4  rtx_conf_cm.o(.constdata)
    os_fifo_size                             0x00007d84   Data           1  rtx_conf_cm.o(.constdata)
    os_thread_def_osTimerThread              0x00007d88   Data          16  rtx_conf_cm.o(.constdata)
    os_messageQ_def_osTimerMessageQ          0x00007d98   Data           8  rtx_conf_cm.o(.constdata)
    mp_tmr_size                              0x00007da0   Data           2  rtx_conf_cm.o(.constdata)
    os_thread_def_main                       0x00007da4   Data          16  rtx_conf_cm.o(.constdata)
    Driver_ETH_MAC0                          0x00007dbc   Data          68  emac_lpc17xx.o(.constdata)
    Driver_SPI1                              0x00007e50   Data          44  ssp_lpc17xx.o(.constdata)
    Driver_ETH_PHY0                          0x00007e80   Data          32  phy_dp83848c.o(.constdata)
    os_mutex_def_net_lock                    0x00007ea0   Data           4  net_config.o(.constdata)
    os_mutex_def_mem_lock                    0x00007ea4   Data           4  net_config.o(.constdata)
    os_thread_def_netCore_Thread             0x00007ea8   Data          16  net_config.o(.constdata)
    net_sys_config                           0x00007eb8   Data          32  net_config.o(.constdata)
    os_semaphore_def_eth0_lock               0x00007ed8   Data           4  net_config.o(.constdata)
    os_thread_def_netETH_Thread              0x00007edc   Data          16  net_config.o(.constdata)
    net_eth0_config                          0x00007f1c   Data          32  net_config.o(.constdata)
    net_localm                               0x00007f3c   Data          12  net_config.o(.constdata)
    net_localm6                              0x00007f48   Data          12  net_config.o(.constdata)
    net_udp_config                           0x00007f54   Data           8  net_config.o(.constdata)
    net_sys_func                             0x00007f5c   Data          48  net_config.o(.constdata)
    net_mac_bcast                            0x00007f8c   Data           6  net_eth.o(.constdata)
    net_ping_payload                         0x00007f92   Data          18  net_ping.o(.constdata)
    os_timer_def_net_tick                    0x00007fa4   Data           8  net_sys.o(.constdata)
    net_addr4_bcast                          0x00007fac   Data           4  net_ip4.o(.constdata)
    net_addr4_loopback                       0x00007fb0   Data           4  net_ip4.o(.constdata)
    net_addr6_all_nodes                      0x00007fb4   Data          16  net_ip6.o(.constdata)
    net_addr6_loopback                       0x00007fc4   Data          16  net_ip6.o(.constdata)
    net_addr6_all_routers                    0x00007fd4   Data          16  net_ip6.o(.constdata)
    net_addr_null                            0x00007fe4   Data          16  net_addr.o(.constdata)
    Region$$Table$$Base                      0x0000804c   Number         0  anon$$obj.o(Region$$Table)
    Region$$Table$$Limit                     0x0000806c   Number         0  anon$$obj.o(Region$$Table)
    __ctype                                  0x00008079   Data           0  lc_ctype_c.o(locale$$data)
    __MW_NET_VER                             0x07030000   Number         0  net_version.o ABSOLUTE
    etat_batterie                            0x10000000   Data           4  main.o(.data)
    pot                                      0x10000004   Data           2  main.o(.data)
    Cconversion                              0x10000006   Data           1  main.o(.data)
    i                                        0x10000008   Data           4  main.o(.data)
    conversion                               0x1000000c   Data           4  main.o(.data)
    udp_sock                                 0x10000010   Data           4  main.o(.data)
    osThreadId_osTimerThread                 0x10000018   Data           4  rtx_conf_cm.o(.data)
    osMessageQId_osTimerMessageQ             0x1000001c   Data           4  rtx_conf_cm.o(.data)
    os_tmr                                   0x10000020   Data           4  rtx_conf_cm.o(.data)
    m_tmr                                    0x10000024   Data           4  rtx_conf_cm.o(.data)
    iap_entry                                0x10000040   Data           4  emac_lpc17xx.o(.data)
    SystemCoreClock                          0x1000005c   Data           4  system_lpc17xx.o(.data)
    os_semaphore_cb_eth0_lock                0x10000060   Data           8  net_config.o(.data)
    os_initialized                           0x10000070   Data           1  rt_cmsis.o(.data)
    os_running                               0x10000071   Data           1  rt_cmsis.o(.data)
    os_timer_head                            0x10000074   Data           4  rt_cmsis.o(.data)
    os_tsk                                   0x10000078   Data           8  rt_task.o(.data)
    os_tick_irqn                             0x1000009c   Data           4  rt_system.o(.data)
    os_time                                  0x100000a0   Data           4  rt_time.o(.data)
    os_robin                                 0x100000a4   Data           8  rt_robin.o(.data)
    dbg_msg                                  0x100000ac   Data           1  hal_cm.o(.data)
    mp_tcb                                   0x100000c0   Data         376  rtx_conf_cm.o(.bss)
    mp_stk                                   0x10000238   Data         816  rtx_conf_cm.o(.bss)
    os_stack_mem                             0x10000568   Data        2184  rtx_conf_cm.o(.bss)
    os_fifo                                  0x10000df0   Data         132  rtx_conf_cm.o(.bss)
    os_active_TCB                            0x10000e74   Data          28  rtx_conf_cm.o(.bss)
    os_messageQ_q_osTimerMessageQ            0x10000e90   Data          32  rtx_conf_cm.o(.bss)
    os_mutex_cb_net_lock                     0x10006bf8   Data          16  net_config.o(.bss)
    os_mutex_cb_mem_lock                     0x10006c08   Data          16  net_config.o(.bss)
    os_idle_TCB                              0x10006cf4   Data          52  rt_task.o(.bss)
    net_eth_control                          0x10006d28   Data         148  net_eth.o(.bss)
    net_ping_control                         0x10006de0   Data          32  net_ping.o(.bss)
    net_sys_control                          0x10006e00   Data          48  net_sys.o(.bss)
    os_timer_cb_net_tick                     0x10006e30   Data          24  net_sys.o(.bss)
    os_rdy                                   0x10006e48   Data          24  rt_list.o(.bss)
    os_dly                                   0x10006e60   Data          24  rt_list.o(.bss)
    __libspace_start                         0x10006f24   Data          96  libspace.o(.bss)
    __temporary_stack_top$libspace           0x10006f84   Data           0  libspace.o(.bss)



==============================================================================

Memory Map of the image

  Image Entry point : 0x000000cd

  Load Region LR_IROM1 (Base: 0x00000000, Size: 0x0000823c, Max: 0x00080000, ABSOLUTE)

    Execution Region ER_IROM1 (Base: 0x00000000, Size: 0x0000817c, Max: 0x00080000, ABSOLUTE)

    Base Addr    Size         Type   Attr      Idx    E Section Name        Object

    0x00000000   0x000000cc   Data   RO          901    RESET               startup_lpc17xx.o
    0x000000cc   0x00000008   Code   RO         2810  * !!!main             c_w.l(__main.o)
    0x000000d4   0x00000034   Code   RO         3003    !!!scatter          c_w.l(__scatter.o)
    0x00000108   0x0000001a   Code   RO         3005    !!handler_copy      c_w.l(__scatter_copy.o)
    0x00000122   0x00000002   PAD
    0x00000124   0x0000001c   Code   RO         3007    !!handler_zi        c_w.l(__scatter_zi.o)
    0x00000140   0x00000002   Code   RO         2878    .ARM.Collect$$libinit$$00000000  c_w.l(libinit.o)
    0x00000142   0x00000000   Code   RO         2900    .ARM.Collect$$libinit$$00000002  c_w.l(libinit2.o)
    0x00000142   0x00000000   Code   RO         2902    .ARM.Collect$$libinit$$00000004  c_w.l(libinit2.o)
    0x00000142   0x00000000   Code   RO         2905    .ARM.Collect$$libinit$$0000000A  c_w.l(libinit2.o)
    0x00000142   0x00000000   Code   RO         2907    .ARM.Collect$$libinit$$0000000C  c_w.l(libinit2.o)
    0x00000142   0x00000000   Code   RO         2909    .ARM.Collect$$libinit$$0000000E  c_w.l(libinit2.o)
    0x00000142   0x00000006   Code   RO         2910    .ARM.Collect$$libinit$$0000000F  c_w.l(libinit2.o)
    0x00000148   0x00000000   Code   RO         2912    .ARM.Collect$$libinit$$00000011  c_w.l(libinit2.o)
    0x00000148   0x0000000c   Code   RO         2913    .ARM.Collect$$libinit$$00000012  c_w.l(libinit2.o)
    0x00000154   0x00000000   Code   RO         2914    .ARM.Collect$$libinit$$00000013  c_w.l(libinit2.o)
    0x00000154   0x00000000   Code   RO         2916    .ARM.Collect$$libinit$$00000015  c_w.l(libinit2.o)
    0x00000154   0x00000000   Code   RO         2918    .ARM.Collect$$libinit$$00000017  c_w.l(libinit2.o)
    0x00000154   0x00000000   Code   RO         2920    .ARM.Collect$$libinit$$00000019  c_w.l(libinit2.o)
    0x00000154   0x00000000   Code   RO         2922    .ARM.Collect$$libinit$$0000001B  c_w.l(libinit2.o)
    0x00000154   0x00000000   Code   RO         2924    .ARM.Collect$$libinit$$0000001D  c_w.l(libinit2.o)
    0x00000154   0x00000000   Code   RO         2926    .ARM.Collect$$libinit$$0000001F  c_w.l(libinit2.o)
    0x00000154   0x00000000   Code   RO         2928    .ARM.Collect$$libinit$$00000021  c_w.l(libinit2.o)
    0x00000154   0x00000000   Code   RO         2930    .ARM.Collect$$libinit$$00000023  c_w.l(libinit2.o)
    0x00000154   0x00000000   Code   RO         2932    .ARM.Collect$$libinit$$00000025  c_w.l(libinit2.o)
    0x00000154   0x00000000   Code   RO         2936    .ARM.Collect$$libinit$$0000002C  c_w.l(libinit2.o)
    0x00000154   0x00000000   Code   RO         2938    .ARM.Collect$$libinit$$0000002E  c_w.l(libinit2.o)
    0x00000154   0x00000000   Code   RO         2940    .ARM.Collect$$libinit$$00000030  c_w.l(libinit2.o)
    0x00000154   0x00000000   Code   RO         2942    .ARM.Collect$$libinit$$00000032  c_w.l(libinit2.o)
    0x00000154   0x00000002   Code   RO         2943    .ARM.Collect$$libinit$$00000033  c_w.l(libinit2.o)
    0x00000156   0x00000002   Code   RO         2879    .ARM.Collect$$libshutdown$$00000000  c_w.l(libshutdown.o)
    0x00000158   0x00000000   Code   RO         2945    .ARM.Collect$$libshutdown$$00000002  c_w.l(libshutdown2.o)
    0x00000158   0x00000000   Code   RO         2947    .ARM.Collect$$libshutdown$$00000004  c_w.l(libshutdown2.o)
    0x00000158   0x00000000   Code   RO         2950    .ARM.Collect$$libshutdown$$00000007  c_w.l(libshutdown2.o)
    0x00000158   0x00000000   Code   RO         2953    .ARM.Collect$$libshutdown$$0000000A  c_w.l(libshutdown2.o)
    0x00000158   0x00000000   Code   RO         2955    .ARM.Collect$$libshutdown$$0000000C  c_w.l(libshutdown2.o)
    0x00000158   0x00000000   Code   RO         2958    .ARM.Collect$$libshutdown$$0000000F  c_w.l(libshutdown2.o)
    0x00000158   0x00000002   Code   RO         2959    .ARM.Collect$$libshutdown$$00000010  c_w.l(libshutdown2.o)
    0x0000015a   0x00000000   Code   RO         2812    .ARM.Collect$$rtentry$$00000000  c_w.l(__rtentry.o)
    0x0000015a   0x00000000   Code   RO         2833    .ARM.Collect$$rtentry$$00000002  c_w.l(__rtentry2.o)
    0x0000015a   0x00000006   Code   RO         2845    .ARM.Collect$$rtentry$$00000004  c_w.l(__rtentry4.o)
    0x00000160   0x00000000   Code   RO         2835    .ARM.Collect$$rtentry$$00000009  c_w.l(__rtentry2.o)
    0x00000160   0x00000004   Code   RO         2836    .ARM.Collect$$rtentry$$0000000A  c_w.l(__rtentry2.o)
    0x00000164   0x00000008   Code   RO         2837    .ARM.Collect$$rtentry$$0000000B  c_w.l(__rtentry2.o)
    0x0000016c   0x00000008   Code   RO         2839    .ARM.Collect$$rtentry$$0000000D  c_w.l(__rtentry2.o)
    0x00000174   0x00000002   Code   RO         2813    .ARM.Collect$$rtexit$$00000000  c_w.l(rtexit.o)
    0x00000176   0x00000000   Code   RO         2848    .ARM.Collect$$rtexit$$00000002  c_w.l(rtexit2.o)
    0x00000176   0x00000004   Code   RO         2849    .ARM.Collect$$rtexit$$00000003  c_w.l(rtexit2.o)
    0x0000017a   0x00000006   Code   RO         2850    .ARM.Collect$$rtexit$$00000004  c_w.l(rtexit2.o)
    0x00000180   0x0000001c   Code   RO          247    .emb_text           rtx_conf_cm.o
    0x0000019c   0x00000130   Code   RO         2467    .emb_text           RTX_CM3.lib(hal_cm3.o)
    0x000002cc   0x00000008   Code   RO         2731    .text               c_w.l(libspace.o)
    0x000002d4   0x00000012   Code   RO         2794    .text               c_w.l(exit.o)
    0x000002e6   0x00000006   Code   RO         2808    .text               c_w.l(heapauxi.o)
    0x000002ec   0x0000000c   Code   RO         2862    .text               c_w.l(sys_exit.o)
    0x000002f8   0x00000002   Code   RO         2880    .text               c_w.l(use_no_semi.o)
    0x000002fa   0x00000000   Code   RO         2882    .text               c_w.l(indicate_semi.o)
    0x000002fa   0x00000002   Code   RO         1809    i.netETH_Notify     Net_CM3_L.lib(net_eth.o)
    0x000002fc   0x00000004   Code   RO          902    .ARM.__at_0x02FC    startup_lpc17xx.o
    0x00000300   0x0000003c   Code   RO          903    .text               startup_lpc17xx.o
    0x0000033c   0x000000ee   Code   RO         2734    .text               c_w.l(lludivv7m.o)
    0x0000042a   0x00000002   PAD
    0x0000042c   0x0000003c   Code   RO         2790    .text               c_w.l(__0sscanf.o)
    0x00000468   0x0000014c   Code   RO         2792    .text               c_w.l(_scanf_int.o)
    0x000005b4   0x00000058   Code   RO         2796    .text               c_w.l(memcmp.o)
    0x0000060c   0x0000008a   Code   RO         2800    .text               c_w.l(rt_memcpy_v6.o)
    0x00000696   0x00000064   Code   RO         2802    .text               c_w.l(rt_memcpy_w.o)
    0x000006fa   0x00000044   Code   RO         2804    .text               c_w.l(rt_memclr.o)
    0x0000073e   0x0000004e   Code   RO         2806    .text               c_w.l(rt_memclr_w.o)
    0x0000078c   0x0000001c   Code   RO         2826    .text               c_w.l(_chval.o)
    0x000007a8   0x0000002c   Code   RO         2828    .text               c_w.l(scanf_char.o)
    0x000007d4   0x00000040   Code   RO         2830    .text               c_w.l(_sgetc.o)
    0x00000814   0x00000012   Code   RO         2856    .text               c_w.l(isspace.o)
    0x00000826   0x00000002   PAD
    0x00000828   0x00000374   Code   RO         2860    .text               c_w.l(_scanf.o)
    0x00000b9c   0x0000004a   Code   RO         2864    .text               c_w.l(sys_stackheap_outer.o)
    0x00000be6   0x00000002   PAD
    0x00000be8   0x00000010   Code   RO         2866    .text               c_w.l(rt_ctype_table.o)
    0x00000bf8   0x0000000a   Code   RO         2890    .text               c_w.l(rt_locale_twolibspace.o)
    0x00000c02   0x00000002   PAD
    0x00000c04   0x00000080   Code   RO         2964    .text               c_w.l(strcmpv7m.o)
    0x00000c84   0x00000004   Code   RO         2726    SVC_TABLE           RTX_CM3.lib(svc_table.o)
    0x00000c88   0x00000020   Code   RO           64    i.ADC_GetValue      adc_mcb1700.o
    0x00000ca8   0x00000028   Code   RO           65    i.ADC_IRQHandler    adc_mcb1700.o
    0x00000cd0   0x00000060   Code   RO           66    i.ADC_Initialize    adc_mcb1700.o
    0x00000d30   0x00000020   Code   RO           67    i.ADC_StartConversion  adc_mcb1700.o
    0x00000d50   0x00000030   Code   RO          155    i.Buttons_Initialize  buttons_mcb1700.o
    0x00000d80   0x00000020   Code   RO          722    i.Clear_Channel_active_flag  gpdma_lpc17xx.o
    0x00000da0   0x00000198   Code   RO          308    i.Control           emac_lpc17xx.o
    0x00000f38   0x00000008   Code   RO          309    i.ControlTimer      emac_lpc17xx.o
    0x00000f40   0x00000180   Code   RO          723    i.DMA_IRQHandler    gpdma_lpc17xx.o
    0x000010c0   0x00000048   Code   RO          310    i.ENET_IRQHandler   emac_lpc17xx.o
    0x00001108   0x000000f4   Code   RO          724    i.GPDMA_ChannelConfigure  gpdma_lpc17xx.o
    0x000011fc   0x00000030   Code   RO          725    i.GPDMA_ChannelDisable  gpdma_lpc17xx.o
    0x0000122c   0x00000030   Code   RO          727    i.GPDMA_ChannelGetCount  gpdma_lpc17xx.o
    0x0000125c   0x000000a8   Code   RO          729    i.GPDMA_Initialize  gpdma_lpc17xx.o
    0x00001304   0x00000044   Code   RO          730    i.GPDMA_PeripheralSelect  gpdma_lpc17xx.o
    0x00001348   0x00000080   Code   RO          731    i.GPDMA_Uninitialize  gpdma_lpc17xx.o
    0x000013c8   0x00000028   Code   RO          813    i.GPIO_PinWrite     gpio_lpc17xx.o
    0x000013f0   0x0000002c   Code   RO          814    i.GPIO_PortClock    gpio_lpc17xx.o
    0x0000141c   0x00000014   Code   RO          815    i.GPIO_PortRead     gpio_lpc17xx.o
    0x00001430   0x00000038   Code   RO          817    i.GPIO_SetDir       gpio_lpc17xx.o
    0x00001468   0x0000000c   Code   RO          311    i.GetCapabilities   emac_lpc17xx.o
    0x00001474   0x00000068   Code   RO          663    i.GetLinkInfo       phy_dp83848c.o
    0x000014dc   0x0000002c   Code   RO          664    i.GetLinkState      phy_dp83848c.o
    0x00001508   0x00000048   Code   RO          312    i.GetMacAddress     emac_lpc17xx.o
    0x00001550   0x00000054   Code   RO          313    i.GetRxFrameSize    emac_lpc17xx.o
    0x000015a4   0x00000008   Code   RO          314    i.GetRxFrameTime    emac_lpc17xx.o
    0x000015ac   0x00000044   Code   RO          489    i.GetSSPClockFreq   ssp_lpc17xx.o
    0x000015f0   0x00000008   Code   RO          315    i.GetTxFrameTime    emac_lpc17xx.o
    0x000015f8   0x00000010   Code   RO          316    i.GetVersion        emac_lpc17xx.o
    0x00001608   0x00000010   Code   RO          665    i.GetVersion        phy_dp83848c.o
    0x00001618   0x00000170   Code   RO          317    i.Initialize        emac_lpc17xx.o
    0x00001788   0x00000030   Code   RO          666    i.Initialize        phy_dp83848c.o
    0x000017b8   0x0000005c   Code   RO          203    i.LED_Initialize    led_mcb1700.o
    0x00001814   0x0000002c   Code   RO          205    i.LED_On            led_mcb1700.o
    0x00001840   0x000000e8   Code   RO          318    i.PHY_Read          emac_lpc17xx.o
    0x00001928   0x000000d8   Code   RO          319    i.PHY_Write         emac_lpc17xx.o
    0x00001a00   0x000000fc   Code   RO          866    i.PIN_Configure     pin_lpc17xx.o
    0x00001afc   0x00000224   Code   RO          320    i.PowerControl      emac_lpc17xx.o
    0x00001d20   0x000000d4   Code   RO          667    i.PowerControl      phy_dp83848c.o
    0x00001df4   0x00000074   Code   RO          321    i.ReadFrame         emac_lpc17xx.o
    0x00001e68   0x00000018   Code   RO          490    i.SSP1_Control      ssp_lpc17xx.o
    0x00001e80   0x00000014   Code   RO          491    i.SSP1_GPDMA_Rx_SignalEvent  ssp_lpc17xx.o
    0x00001e94   0x00000014   Code   RO          492    i.SSP1_GPDMA_Tx_SignalEvent  ssp_lpc17xx.o
    0x00001ea8   0x00000010   Code   RO          493    i.SSP1_GetDataCount  ssp_lpc17xx.o
    0x00001eb8   0x00000010   Code   RO          494    i.SSP1_GetStatus    ssp_lpc17xx.o
    0x00001ec8   0x00000010   Code   RO          495    i.SSP1_IRQHandler   ssp_lpc17xx.o
    0x00001ed8   0x00000014   Code   RO          496    i.SSP1_Initialize   ssp_lpc17xx.o
    0x00001eec   0x00000014   Code   RO          497    i.SSP1_PowerControl  ssp_lpc17xx.o
    0x00001f00   0x00000018   Code   RO          498    i.SSP1_Receive      ssp_lpc17xx.o
    0x00001f18   0x00000018   Code   RO          499    i.SSP1_Send         ssp_lpc17xx.o
    0x00001f30   0x0000001c   Code   RO          500    i.SSP1_Transfer     ssp_lpc17xx.o
    0x00001f4c   0x00000010   Code   RO          501    i.SSP1_Uninitialize  ssp_lpc17xx.o
    0x00001f5c   0x0000000c   Code   RO          502    i.SSP_GetCapabilities  ssp_lpc17xx.o
    0x00001f68   0x00000010   Code   RO          503    i.SSP_GetVersion    ssp_lpc17xx.o
    0x00001f78   0x0000051e   Code   RO          504    i.SSPx_Control      ssp_lpc17xx.o
    0x00002496   0x00000036   Code   RO          505    i.SSPx_GPDMA_Rx_SignalEvent  ssp_lpc17xx.o
    0x000024cc   0x0000001c   Code   RO          506    i.SSPx_GPDMA_Tx_SignalEvent  ssp_lpc17xx.o
    0x000024e8   0x0000002c   Code   RO          507    i.SSPx_GetDataCount  ssp_lpc17xx.o
    0x00002514   0x0000005a   Code   RO          508    i.SSPx_GetStatus    ssp_lpc17xx.o
    0x0000256e   0x00000104   Code   RO          509    i.SSPx_IRQHandler   ssp_lpc17xx.o
    0x00002672   0x000000a8   Code   RO          510    i.SSPx_Initialize   ssp_lpc17xx.o
    0x0000271a   0x00000002   PAD
    0x0000271c   0x000001b4   Code   RO          511    i.SSPx_PowerControl  ssp_lpc17xx.o
    0x000028d0   0x0000015c   Code   RO          512    i.SSPx_Receive      ssp_lpc17xx.o
    0x00002a2c   0x00000154   Code   RO          513    i.SSPx_Send         ssp_lpc17xx.o
    0x00002b80   0x00000152   Code   RO          514    i.SSPx_Transfer     ssp_lpc17xx.o
    0x00002cd2   0x00000070   Code   RO          515    i.SSPx_Uninitialize  ssp_lpc17xx.o
    0x00002d42   0x00000002   PAD
    0x00002d44   0x000000b8   Code   RO          322    i.SendFrame         emac_lpc17xx.o
    0x00002dfc   0x000000ac   Code   RO          323    i.SetAddressFilter  emac_lpc17xx.o
    0x00002ea8   0x00000040   Code   RO          668    i.SetInterface      phy_dp83848c.o
    0x00002ee8   0x0000004c   Code   RO          324    i.SetMacAddress     emac_lpc17xx.o
    0x00002f34   0x00000088   Code   RO          669    i.SetMode           phy_dp83848c.o
    0x00002fbc   0x00000038   Code   RO          732    i.Set_Channel_active_flag  gpdma_lpc17xx.o
    0x00002ff4   0x00000140   Code   RO          913    i.SystemInit        system_lpc17xx.o
    0x00003134   0x00000100   Code   RO          325    i.Uninitialize      emac_lpc17xx.o
    0x00003234   0x00000014   Code   RO          670    i.Uninitialize      phy_dp83848c.o
    0x00003248   0x0000001c   Code   RO          516    i.__NVIC_ClearPendingIRQ  ssp_lpc17xx.o
    0x00003264   0x0000001c   Code   RO          733    i.__NVIC_ClearPendingIRQ  gpdma_lpc17xx.o
    0x00003280   0x00000046   Code   RO         2366    i._init_box         RTX_CM3.lib(rt_membox.o)
    0x000032c6   0x00000002   PAD
    0x000032c8   0x00000020   Code   RO          249    i._mutex_acquire    rtx_conf_cm.o
    0x000032e8   0x0000001c   Code   RO          251    i._mutex_release    rtx_conf_cm.o
    0x00003304   0x00000098   Code   RO         1847    i.arp_cache_alloc   Net_CM3_L.lib(net_arp.o)
    0x0000339c   0x00000040   Code   RO         1848    i.arp_is_cacheable  Net_CM3_L.lib(net_arp.o)
    0x000033dc   0x00000040   Code   RO         1849    i.arp_probe_run     Net_CM3_L.lib(net_arp.o)
    0x0000341c   0x00000080   Code   RO         1850    i.arp_proc_response  Net_CM3_L.lib(net_arp.o)
    0x0000349c   0x0000008c   Code   RO         1851    i.arp_send_reply    Net_CM3_L.lib(net_arp.o)
    0x00003528   0x000000b8   Code   RO         1852    i.arp_send_request  Net_CM3_L.lib(net_arp.o)
    0x000035e0   0x00000028   Code   RO          326    i.crc32_8bit_rev    emac_lpc17xx.o
    0x00003608   0x00000022   Code   RO          327    i.crc32_data        emac_lpc17xx.o
    0x0000362a   0x00000002   PAD
    0x0000362c   0x00000030   Code   RO         2419    i.dbg_init          RTX_CM3.lib(hal_cm.o)
    0x0000365c   0x00000020   Code   RO         2420    i.dbg_task_notify   RTX_CM3.lib(hal_cm.o)
    0x0000367c   0x00000010   Code   RO         2421    i.dbg_task_switch   RTX_CM3.lib(hal_cm.o)
    0x0000368c   0x000000a0   Code   RO         1801    i.eth_check_link    Net_CM3_L.lib(net_eth.o)
    0x0000372c   0x00000010   Code   RO         1802    i.eth_lock          Net_CM3_L.lib(net_eth.o)
    0x0000373c   0x0000001e   Code   RO         1803    i.eth_make_mcast4   Net_CM3_L.lib(net_eth.o)
    0x0000375a   0x0000001a   Code   RO         1804    i.eth_make_mcast6   Net_CM3_L.lib(net_eth.o)
    0x00003774   0x00000014   Code   RO         1805    i.eth_notify        Net_CM3_L.lib(net_eth.o)
    0x00003788   0x00000088   Code   RO         1807    i.eth_receive       Net_CM3_L.lib(net_eth.o)
    0x00003810   0x0000000c   Code   RO         1808    i.eth_unlock        Net_CM3_L.lib(net_eth.o)
    0x0000381c   0x0000001c   Code   RO         2628    i.get_crc32         Net_CM3_L.lib(net_common.o)
    0x00003838   0x00000068   Code   RO          328    i.init_rx_desc      emac_lpc17xx.o
    0x000038a0   0x0000005c   Code   RO          329    i.init_tx_desc      emac_lpc17xx.o
    0x000038fc   0x00000044   Code   RO          330    i.input_MDIO        emac_lpc17xx.o
    0x00003940   0x0000000a   Code   RO         2531    i.ip4_get_chksum    Net_CM3_L.lib(net_ip4.o)
    0x0000394a   0x00000002   PAD
    0x0000394c   0x00000090   Code   RO         2532    i.ip4_get_route     Net_CM3_L.lib(net_ip4.o)
    0x000039dc   0x0000002c   Code   RO         2559    i.ip6_get_route     Net_CM3_L.lib(net_ip6.o)
    0x00003a08   0x0000002a   Code   RO         1064    i.isrMessageGet     RTX_CM3.lib(rt_cmsis.o)
    0x00003a32   0x0000002c   Code   RO         1065    i.isrMessagePut     RTX_CM3.lib(rt_cmsis.o)
    0x00003a5e   0x00000028   Code   RO         1066    i.isrSemaphoreRelease  RTX_CM3.lib(rt_cmsis.o)
    0x00003a86   0x00000024   Code   RO         1067    i.isrSignalSet      RTX_CM3.lib(rt_cmsis.o)
    0x00003aaa   0x00000002   PAD
    0x00003aac   0x00000028   Code   RO         2103    i.isr_evt_set       RTX_CM3.lib(rt_event.o)
    0x00003ad4   0x00000056   Code   RO         2221    i.isr_mbx_receive   RTX_CM3.lib(rt_mailbox.o)
    0x00003b2a   0x0000000e   Code   RO         2222    i.isr_mbx_send      RTX_CM3.lib(rt_mailbox.o)
    0x00003b38   0x00000010   Code   RO         2269    i.isr_sem_send      RTX_CM3.lib(rt_semaphore.o)
    0x00003b48   0x0000003c   Code   RO            1    i.main              main.o
    0x00003b84   0x00000010   Code   RO         2606    i.mem_lock          Net_CM3_L.lib(net_mem.o)
    0x00003b94   0x0000000c   Code   RO         2607    i.mem_unlock        Net_CM3_L.lib(net_mem.o)
    0x00003ba0   0x0000009c   Code   RO         2477    i.ndp_cache_add     Net_CM3_L.lib(net_ndp.o)
    0x00003c3c   0x00000084   Code   RO         2478    i.ndp_cache_alloc   Net_CM3_L.lib(net_ndp.o)
    0x00003cc0   0x0000002c   Code   RO         2479    i.ndp_check_frame   Net_CM3_L.lib(net_ndp.o)
    0x00003cec   0x0000005c   Code   RO         2480    i.ndp_is_onlink     Net_CM3_L.lib(net_ndp.o)
    0x00003d48   0x00000012   Code   RO         2481    i.ndp_next_opt      Net_CM3_L.lib(net_ndp.o)
    0x00003d5a   0x00000002   PAD
    0x00003d5c   0x000000b8   Code   RO         2482    i.ndp_prefix_add    Net_CM3_L.lib(net_ndp.o)
    0x00003e14   0x00000040   Code   RO         2483    i.ndp_probe_run     Net_CM3_L.lib(net_ndp.o)
    0x00003e54   0x0000007c   Code   RO         2484    i.ndp_proc_response  Net_CM3_L.lib(net_ndp.o)
    0x00003ed0   0x0000003c   Code   RO         2485    i.ndp_router_remove  Net_CM3_L.lib(net_ndp.o)
    0x00003f0c   0x0000006c   Code   RO         2486    i.ndp_send_reply    Net_CM3_L.lib(net_ndp.o)
    0x00003f78   0x00000084   Code   RO         2487    i.ndp_send_request  Net_CM3_L.lib(net_ndp.o)
    0x00003ffc   0x000000fc   Code   RO         2488    i.ndp_slaac_run     Net_CM3_L.lib(net_ndp.o)
    0x000040f8   0x00000058   Code   RO         1976    i.netCore_Thread    Net_CM3_L.lib(net_sys.o)
    0x00004150   0x0000003c   Code   RO         1810    i.netETH_Thread     Net_CM3_L.lib(net_eth.o)
    0x0000418c   0x00000088   Code   RO         1979    i.netInitialize     Net_CM3_L.lib(net_sys.o)
    0x00004214   0x0000007c   Code   RO         2662    i.netMAC_aton       Net_CM3_L.lib(net_addr.o)
    0x00004290   0x00000004   Code   RO         1910    i.netUDP_GetBuffer  Net_CM3_L.lib(net_udp.o)
    0x00004294   0x00000018   Code   RO         1912    i.netUDP_GetSocket  Net_CM3_L.lib(net_udp.o)
    0x000042ac   0x0000001c   Code   RO         1913    i.netUDP_Open       Net_CM3_L.lib(net_udp.o)
    0x000042c8   0x00000028   Code   RO         1915    i.netUDP_Send       Net_CM3_L.lib(net_udp.o)
    0x000042f0   0x00000068   Code   RO         2664    i.net_addr4_aton    Net_CM3_L.lib(net_addr.o)
    0x00004358   0x0000001a   Code   RO         2665    i.net_addr4_is_subnet  Net_CM3_L.lib(net_addr.o)
    0x00004372   0x00000002   PAD
    0x00004374   0x000000f4   Code   RO         2667    i.net_addr6_aton    Net_CM3_L.lib(net_addr.o)
    0x00004468   0x00000028   Code   RO         2668    i.net_addr6_comp    Net_CM3_L.lib(net_addr.o)
    0x00004490   0x00000012   Code   RO         2669    i.net_addr6_copy    Net_CM3_L.lib(net_addr.o)
    0x000044a2   0x00000002   PAD
    0x000044a4   0x0000004c   Code   RO         2670    i.net_addr6_create  Net_CM3_L.lib(net_addr.o)
    0x000044f0   0x0000002c   Code   RO         2671    i.net_addr6_get_solicited  Net_CM3_L.lib(net_addr.o)
    0x0000451c   0x00000018   Code   RO         2672    i.net_addr6_is_linklocal  Net_CM3_L.lib(net_addr.o)
    0x00004534   0x0000006c   Code   RO         2673    i.net_addr6_is_onlink  Net_CM3_L.lib(net_addr.o)
    0x000045a0   0x00000048   Code   RO         2674    i.net_addr6_is_solicited  Net_CM3_L.lib(net_addr.o)
    0x000045e8   0x00000018   Code   RO         2675    i.net_addr6_is_unspec  Net_CM3_L.lib(net_addr.o)
    0x00004600   0x0000000e   Code   RO         2680    i.net_addr_get_local  Net_CM3_L.lib(net_addr.o)
    0x0000460e   0x00000022   Code   RO         2681    i.net_addr_is_unspec  Net_CM3_L.lib(net_addr.o)
    0x00004630   0x000000b0   Code   RO         1858    i.net_arp_cache_add  Net_CM3_L.lib(net_arp.o)
    0x000046e0   0x00000094   Code   RO         1859    i.net_arp_cache_early  Net_CM3_L.lib(net_arp.o)
    0x00004774   0x000000b0   Code   RO         1860    i.net_arp_cache_find  Net_CM3_L.lib(net_arp.o)
    0x00004824   0x00000038   Code   RO         1862    i.net_arp_init      Net_CM3_L.lib(net_arp.o)
    0x0000485c   0x0000002c   Code   RO         1863    i.net_arp_notify    Net_CM3_L.lib(net_arp.o)
    0x00004888   0x00000148   Code   RO         1865    i.net_arp_process   Net_CM3_L.lib(net_arp.o)
    0x000049d0   0x000000f8   Code   RO         1866    i.net_arp_run       Net_CM3_L.lib(net_arp.o)
    0x00004ac8   0x00000218   Code   RO         1813    i.net_eth_iface_init  Net_CM3_L.lib(net_eth.o)
    0x00004ce0   0x00000174   Code   RO         1814    i.net_eth_iface_run  Net_CM3_L.lib(net_eth.o)
    0x00004e54   0x00000020   Code   RO         1815    i.net_eth_is_my_addr  Net_CM3_L.lib(net_eth.o)
    0x00004e74   0x0000003c   Code   RO         1816    i.net_eth_output    Net_CM3_L.lib(net_eth.o)
    0x00004eb0   0x000000dc   Code   RO         1817    i.net_eth_send_frame  Net_CM3_L.lib(net_eth.o)
    0x00004f8c   0x00000108   Code   RO         1819    i.net_eth_update_filter  Net_CM3_L.lib(net_eth.o)
    0x00005094   0x00000130   Code   RO         2594    i.net_icmp6_process  Net_CM3_L.lib(net_icmp6.o)
    0x000051c4   0x0000005c   Code   RO         2595    i.net_icmp6_send    Net_CM3_L.lib(net_icmp6.o)
    0x00005220   0x00000050   Code   RO         2596    i.net_icmp6_send_echo  Net_CM3_L.lib(net_icmp6.o)
    0x00005270   0x000000e0   Code   RO         2584    i.net_icmp_process  Net_CM3_L.lib(net_icmp.o)
    0x00005350   0x0000007c   Code   RO         2585    i.net_icmp_send_echo  Net_CM3_L.lib(net_icmp.o)
    0x000053cc   0x00000004   Code   RO          948    i.net_igmp_collect_addr  net_config.o
    0x000053d0   0x00000004   Code   RO          949    i.net_igmp_is_member  net_config.o
    0x000053d4   0x00000002   Code   RO          950    i.net_igmp_process  net_config.o
    0x000053d6   0x0000004c   Code   RO         2533    i.net_ip4_checksum  Net_CM3_L.lib(net_ip4.o)
    0x00005422   0x00000002   PAD
    0x00005424   0x000000cc   Code   RO         2534    i.net_ip4_chk_frame  Net_CM3_L.lib(net_ip4.o)
    0x000054f0   0x00000032   Code   RO         2535    i.net_ip4_chksum_buf  Net_CM3_L.lib(net_ip4.o)
    0x00005522   0x00000002   PAD
    0x00005524   0x00000040   Code   RO         2536    i.net_ip4_get_local  Net_CM3_L.lib(net_ip4.o)
    0x00005564   0x00000010   Code   RO         2537    i.net_ip4_init      Net_CM3_L.lib(net_ip4.o)
    0x00005574   0x0000002c   Code   RO         2538    i.net_ip4_is_subcast  Net_CM3_L.lib(net_ip4.o)
    0x000055a0   0x00000114   Code   RO         2539    i.net_ip4_send_frame  Net_CM3_L.lib(net_ip4.o)
    0x000056b4   0x00000034   Code   RO         2540    i.net_ip4_tx_offload  Net_CM3_L.lib(net_ip4.o)
    0x000056e8   0x00000052   Code   RO         2560    i.net_ip6_checksum  Net_CM3_L.lib(net_ip6.o)
    0x0000573a   0x00000002   PAD
    0x0000573c   0x000000a4   Code   RO         2561    i.net_ip6_chk_frame  Net_CM3_L.lib(net_ip6.o)
    0x000057e0   0x0000005c   Code   RO         2562    i.net_ip6_get_local  Net_CM3_L.lib(net_ip6.o)
    0x0000583c   0x00000010   Code   RO         2563    i.net_ip6_init      Net_CM3_L.lib(net_ip6.o)
    0x0000584c   0x000000b4   Code   RO         2564    i.net_ip6_send_frame  Net_CM3_L.lib(net_ip6.o)
    0x00005900   0x0000000c   Code   RO         2565    i.net_ip6_tx_netif  Net_CM3_L.lib(net_ip6.o)
    0x0000590c   0x00000030   Code   RO         2566    i.net_ip6_tx_offload  Net_CM3_L.lib(net_ip6.o)
    0x0000593c   0x00000028   Code   RO         1896    i.net_loop_iface_init  Net_CM3_L.lib(net_loop.o)
    0x00005964   0x00000094   Code   RO         1897    i.net_loop_iface_run  Net_CM3_L.lib(net_loop.o)
    0x000059f8   0x00000048   Code   RO         1898    i.net_loop_send_frame  Net_CM3_L.lib(net_loop.o)
    0x00005a40   0x0000008c   Code   RO         2608    i.net_mem_alloc     Net_CM3_L.lib(net_mem.o)
    0x00005acc   0x0000006c   Code   RO         2610    i.net_mem_free      Net_CM3_L.lib(net_mem.o)
    0x00005b38   0x00000060   Code   RO         2611    i.net_mem_init      Net_CM3_L.lib(net_mem.o)
    0x00005b98   0x00000020   Code   RO         2632    i.net_memcrc        Net_CM3_L.lib(net_common.o)
    0x00005bb8   0x00000094   Code   RO         2493    i.net_ndp_cache_find  Net_CM3_L.lib(net_ndp.o)
    0x00005c4c   0x00000054   Code   RO         2495    i.net_ndp_cache_refresh  Net_CM3_L.lib(net_ndp.o)
    0x00005ca0   0x00000050   Code   RO         2497    i.net_ndp_init      Net_CM3_L.lib(net_ndp.o)
    0x00005cf0   0x0000022c   Code   RO         2498    i.net_ndp_process   Net_CM3_L.lib(net_ndp.o)
    0x00005f1c   0x000000d0   Code   RO         2499    i.net_ndp_run       Net_CM3_L.lib(net_ndp.o)
    0x00005fec   0x00000010   Code   RO         1960    i.net_ping_client_init  Net_CM3_L.lib(net_ping.o)
    0x00005ffc   0x00000040   Code   RO         1961    i.net_ping_client_run  Net_CM3_L.lib(net_ping.o)
    0x0000603c   0x00000004   Code   RO          952    i.net_ppp_send_frame  net_config.o
    0x00006040   0x0000001c   Code   RO         1983    i.net_rand32        Net_CM3_L.lib(net_sys.o)
    0x0000605c   0x00000004   Code   RO          955    i.net_slip_send_frame  net_config.o
    0x00006060   0x00000012   Code   RO         2636    i.net_strcpy        Net_CM3_L.lib(net_common.o)
    0x00006072   0x00000002   Code   RO          957    i.net_sys_error     net_config.o
    0x00006074   0x00000010   Code   RO         1984    i.net_sys_lock      Net_CM3_L.lib(net_sys.o)
    0x00006084   0x00000014   Code   RO         1985    i.net_sys_tick      Net_CM3_L.lib(net_sys.o)
    0x00006098   0x0000000c   Code   RO         1986    i.net_sys_unlock    Net_CM3_L.lib(net_sys.o)
    0x000060a4   0x00000020   Code   RO         1987    i.net_sys_wakeup    Net_CM3_L.lib(net_sys.o)
    0x000060c4   0x00000002   Code   RO          958    i.net_tcp_process   net_config.o
    0x000060c6   0x0000001e   Code   RO         1919    i.net_udp_get_buf   Net_CM3_L.lib(net_udp.o)
    0x000060e4   0x0000004c   Code   RO         1921    i.net_udp_get_socket  Net_CM3_L.lib(net_udp.o)
    0x00006130   0x0000006c   Code   RO         1923    i.net_udp_open      Net_CM3_L.lib(net_udp.o)
    0x0000619c   0x000000e4   Code   RO         1924    i.net_udp_process   Net_CM3_L.lib(net_udp.o)
    0x00006280   0x00000174   Code   RO         1926    i.net_udp_send      Net_CM3_L.lib(net_udp.o)
    0x000063f4   0x00000014   Code   RO         1928    i.net_udp_socket_init  Net_CM3_L.lib(net_udp.o)
    0x00006408   0x00000024   Code   RO         1069    i.osKernelInitialize  RTX_CM3.lib(rt_cmsis.o)
    0x0000642c   0x0000006c   Code   RO         1071    i.osKernelStart     RTX_CM3.lib(rt_cmsis.o)
    0x00006498   0x00000018   Code   RO         1072    i.osKernelSysTick   RTX_CM3.lib(rt_cmsis.o)
    0x000064b0   0x00000018   Code   RO         1080    i.osMessageGet      RTX_CM3.lib(rt_cmsis.o)
    0x000064c8   0x0000002c   Code   RO         1082    i.osMutexCreate     RTX_CM3.lib(rt_cmsis.o)
    0x000064f4   0x00000018   Code   RO         1084    i.osMutexRelease    RTX_CM3.lib(rt_cmsis.o)
    0x0000650c   0x00000018   Code   RO         1085    i.osMutexWait       RTX_CM3.lib(rt_cmsis.o)
    0x00006524   0x0000002c   Code   RO         1090    i.osSemaphoreCreate  RTX_CM3.lib(rt_cmsis.o)
    0x00006550   0x00000018   Code   RO         1092    i.osSemaphoreRelease  RTX_CM3.lib(rt_cmsis.o)
    0x00006568   0x00000018   Code   RO         1093    i.osSemaphoreWait   RTX_CM3.lib(rt_cmsis.o)
    0x00006580   0x00000018   Code   RO         1094    i.osSignalClear     RTX_CM3.lib(rt_cmsis.o)
    0x00006598   0x00000018   Code   RO         1095    i.osSignalSet       RTX_CM3.lib(rt_cmsis.o)
    0x000065b0   0x00000018   Code   RO         1096    i.osSignalWait      RTX_CM3.lib(rt_cmsis.o)
    0x000065c8   0x0000002c   Code   RO         1097    i.osThreadCreate    RTX_CM3.lib(rt_cmsis.o)
    0x000065f4   0x00000018   Code   RO         1098    i.osThreadExit      RTX_CM3.lib(rt_cmsis.o)
    0x0000660c   0x00000018   Code   RO         1103    i.osThreadYield     RTX_CM3.lib(rt_cmsis.o)
    0x00006624   0x0000000c   Code   RO         1104    i.osTimerCall       RTX_CM3.lib(rt_cmsis.o)
    0x00006630   0x0000002c   Code   RO         1105    i.osTimerCreate     RTX_CM3.lib(rt_cmsis.o)
    0x0000665c   0x00000018   Code   RO         1107    i.osTimerStart      RTX_CM3.lib(rt_cmsis.o)
    0x00006674   0x0000002c   Code   RO         1109    i.osTimerThread     RTX_CM3.lib(rt_cmsis.o)
    0x000066a0   0x00000022   Code   RO          252    i.os_error          rtx_conf_cm.o
    0x000066c2   0x00000004   Code   RO          253    i.os_idle_demon     rtx_conf_cm.o
    0x000066c6   0x00000002   PAD
    0x000066c8   0x00000028   Code   RO         2013    i.os_tick_init      RTX_CM3.lib(rt_system.o)
    0x000066f0   0x00000002   Code   RO         2014    i.os_tick_irqack    RTX_CM3.lib(rt_system.o)
    0x000066f2   0x00000002   PAD
    0x000066f4   0x00000010   Code   RO         2015    i.os_tick_ovf       RTX_CM3.lib(rt_system.o)
    0x00006704   0x00000014   Code   RO         2016    i.os_tick_val       RTX_CM3.lib(rt_system.o)
    0x00006718   0x00000040   Code   RO          331    i.output_MDIO       emac_lpc17xx.o
    0x00006758   0x0000001c   Code   RO         1962    i.ping_send_req     Net_CM3_L.lib(net_ping.o)
    0x00006774   0x0000001a   Code   RO         2367    i.rt_alloc_box      RTX_CM3.lib(rt_membox.o)
    0x0000678e   0x0000003e   Code   RO         2395    i.rt_alloc_mem      RTX_CM3.lib(rt_memory.o)
    0x000067cc   0x00000038   Code   RO         1683    i.rt_block          RTX_CM3.lib(rt_task.o)
    0x00006804   0x00000048   Code   RO         2344    i.rt_chk_robin      RTX_CM3.lib(rt_robin.o)
    0x0000684c   0x00000070   Code   RO         2145    i.rt_dec_dly        RTX_CM3.lib(rt_list.o)
    0x000068bc   0x00000044   Code   RO         1684    i.rt_dispatch       RTX_CM3.lib(rt_task.o)
    0x00006900   0x0000001c   Code   RO         2104    i.rt_evt_clr        RTX_CM3.lib(rt_event.o)
    0x0000691c   0x00000050   Code   RO         2106    i.rt_evt_psh        RTX_CM3.lib(rt_event.o)
    0x0000696c   0x0000005c   Code   RO         2107    i.rt_evt_set        RTX_CM3.lib(rt_event.o)
    0x000069c8   0x0000003c   Code   RO         2108    i.rt_evt_wait       RTX_CM3.lib(rt_event.o)
    0x00006a04   0x0000002c   Code   RO         2368    i.rt_free_box       RTX_CM3.lib(rt_membox.o)
    0x00006a30   0x00000028   Code   RO         2396    i.rt_free_mem       RTX_CM3.lib(rt_memory.o)
    0x00006a58   0x00000028   Code   RO         2146    i.rt_get_first      RTX_CM3.lib(rt_list.o)
    0x00006a80   0x00000024   Code   RO         2147    i.rt_get_same_rdy_prio  RTX_CM3.lib(rt_list.o)
    0x00006aa4   0x00000008   Code   RO         1114    i.rt_id2obj         RTX_CM3.lib(rt_cmsis.o)
    0x00006aac   0x00000048   Code   RO         1685    i.rt_init_context   RTX_CM3.lib(rt_task.o)
    0x00006af4   0x0000001a   Code   RO         2397    i.rt_init_mem       RTX_CM3.lib(rt_memory.o)
    0x00006b0e   0x00000002   PAD
    0x00006b10   0x00000018   Code   RO         2345    i.rt_init_robin     RTX_CM3.lib(rt_robin.o)
    0x00006b28   0x00000080   Code   RO         2422    i.rt_init_stack     RTX_CM3.lib(hal_cm.o)
    0x00006ba8   0x00000008   Code   RO         2223    i.rt_mbx_check      RTX_CM3.lib(rt_mailbox.o)
    0x00006bb0   0x0000001a   Code   RO         2224    i.rt_mbx_init       RTX_CM3.lib(rt_mailbox.o)
    0x00006bca   0x00000002   PAD
    0x00006bcc   0x000000f0   Code   RO         2225    i.rt_mbx_psh        RTX_CM3.lib(rt_mailbox.o)
    0x00006cbc   0x000000b4   Code   RO         2227    i.rt_mbx_wait       RTX_CM3.lib(rt_mailbox.o)
    0x00006d70   0x00000044   Code   RO         1115    i.rt_ms2tick        RTX_CM3.lib(rt_cmsis.o)
    0x00006db4   0x00000010   Code   RO         1768    i.rt_mut_init       RTX_CM3.lib(rt_mutex.o)
    0x00006dc4   0x000000d8   Code   RO         1769    i.rt_mut_release    RTX_CM3.lib(rt_mutex.o)
    0x00006e9c   0x00000078   Code   RO         1770    i.rt_mut_wait       RTX_CM3.lib(rt_mutex.o)
    0x00006f14   0x0000007c   Code   RO         2017    i.rt_pop_req        RTX_CM3.lib(rt_system.o)
    0x00006f90   0x00000020   Code   RO         2018    i.rt_psh_req        RTX_CM3.lib(rt_system.o)
    0x00006fb0   0x0000005c   Code   RO         2148    i.rt_psq_enq        RTX_CM3.lib(rt_list.o)
    0x0000700c   0x00000048   Code   RO         2149    i.rt_put_dly        RTX_CM3.lib(rt_list.o)
    0x00007054   0x00000036   Code   RO         2150    i.rt_put_prio       RTX_CM3.lib(rt_list.o)
    0x0000708a   0x00000002   PAD
    0x0000708c   0x00000014   Code   RO         2151    i.rt_put_rdy_first  RTX_CM3.lib(rt_list.o)
    0x000070a0   0x00000034   Code   RO         2152    i.rt_resort_prio    RTX_CM3.lib(rt_list.o)
    0x000070d4   0x00000006   Code   RO         2423    i.rt_ret_val        RTX_CM3.lib(hal_cm.o)
    0x000070da   0x00000008   Code   RO         2424    i.rt_ret_val2       RTX_CM3.lib(hal_cm.o)
    0x000070e2   0x00000028   Code   RO         2153    i.rt_rmv_dly        RTX_CM3.lib(rt_list.o)
    0x0000710a   0x00000002   PAD
    0x0000710c   0x00000030   Code   RO         2154    i.rt_rmv_list       RTX_CM3.lib(rt_list.o)
    0x0000713c   0x0000000c   Code   RO         2271    i.rt_sem_init       RTX_CM3.lib(rt_semaphore.o)
    0x00007148   0x00000034   Code   RO         2272    i.rt_sem_psh        RTX_CM3.lib(rt_semaphore.o)
    0x0000717c   0x0000002a   Code   RO         2273    i.rt_sem_send       RTX_CM3.lib(rt_semaphore.o)
    0x000071a6   0x00000002   PAD
    0x000071a8   0x00000040   Code   RO         2274    i.rt_sem_wait       RTX_CM3.lib(rt_semaphore.o)
    0x000071e8   0x00000024   Code   RO         2020    i.rt_stk_check      RTX_CM3.lib(rt_system.o)
    0x0000720c   0x00000028   Code   RO         1686    i.rt_switch_req     RTX_CM3.lib(rt_task.o)
    0x00007234   0x000000cc   Code   RO         1687    i.rt_sys_init       RTX_CM3.lib(rt_task.o)
    0x00007300   0x00000078   Code   RO         1688    i.rt_sys_start      RTX_CM3.lib(rt_task.o)
    0x00007378   0x00000040   Code   RO         2022    i.rt_systick        RTX_CM3.lib(rt_system.o)
    0x000073b8   0x00000012   Code   RO         1116    i.rt_tid2ptcb       RTX_CM3.lib(rt_cmsis.o)
    0x000073ca   0x00000002   PAD
    0x000073cc   0x00000034   Code   RO         1117    i.rt_timer_insert   RTX_CM3.lib(rt_cmsis.o)
    0x00007400   0x0000003c   Code   RO         1118    i.rt_timer_remove   RTX_CM3.lib(rt_cmsis.o)
    0x0000743c   0x00000088   Code   RO         1689    i.rt_tsk_create     RTX_CM3.lib(rt_task.o)
    0x000074c4   0x0000017c   Code   RO         1690    i.rt_tsk_delete     RTX_CM3.lib(rt_task.o)
    0x00007640   0x00000030   Code   RO         1691    i.rt_tsk_pass       RTX_CM3.lib(rt_task.o)
    0x00007670   0x0000007c   Code   RO         1692    i.rt_tsk_prio       RTX_CM3.lib(rt_task.o)
    0x000076ec   0x00000010   Code   RO         1693    i.rt_tsk_self       RTX_CM3.lib(rt_task.o)
    0x000076fc   0x00000070   Code   RO            2    i.send_udp_data     main.o
    0x0000776c   0x00000070   Code   RO         1120    i.svcKernelInitialize  RTX_CM3.lib(rt_cmsis.o)
    0x000077dc   0x00000048   Code   RO         1122    i.svcKernelStart    RTX_CM3.lib(rt_cmsis.o)
    0x00007824   0x00000038   Code   RO         1123    i.svcKernelSysTick  RTX_CM3.lib(rt_cmsis.o)
    0x0000785c   0x00000024   Code   RO         1125    i.svcMessageCreate  RTX_CM3.lib(rt_cmsis.o)
    0x00007880   0x0000003a   Code   RO         1126    i.svcMessageGet     RTX_CM3.lib(rt_cmsis.o)
    0x000078ba   0x0000001c   Code   RO         1128    i.svcMutexCreate    RTX_CM3.lib(rt_cmsis.o)
    0x000078d6   0x00000022   Code   RO         1130    i.svcMutexRelease   RTX_CM3.lib(rt_cmsis.o)
    0x000078f8   0x0000003a   Code   RO         1131    i.svcMutexWait      RTX_CM3.lib(rt_cmsis.o)
    0x00007932   0x00000024   Code   RO         1133    i.svcSemaphoreCreate  RTX_CM3.lib(rt_cmsis.o)
    0x00007956   0x00000028   Code   RO         1135    i.svcSemaphoreRelease  RTX_CM3.lib(rt_cmsis.o)
    0x0000797e   0x00000032   Code   RO         1136    i.svcSemaphoreWait  RTX_CM3.lib(rt_cmsis.o)
    0x000079b0   0x00000024   Code   RO         1137    i.svcSignalClear    RTX_CM3.lib(rt_cmsis.o)
    0x000079d4   0x00000024   Code   RO         1138    i.svcSignalSet      RTX_CM3.lib(rt_cmsis.o)
    0x000079f8   0x00000054   Code   RO         1139    i.svcSignalWait     RTX_CM3.lib(rt_cmsis.o)
    0x00007a4c   0x0000006c   Code   RO         1140    i.svcThreadCreate   RTX_CM3.lib(rt_cmsis.o)
    0x00007ab8   0x0000001c   Code   RO         1141    i.svcThreadGetId    RTX_CM3.lib(rt_cmsis.o)
    0x00007ad4   0x00000038   Code   RO         1144    i.svcThreadTerminate  RTX_CM3.lib(rt_cmsis.o)
    0x00007b0c   0x0000000a   Code   RO         1145    i.svcThreadYield    RTX_CM3.lib(rt_cmsis.o)
    0x00007b16   0x00000018   Code   RO         1146    i.svcTimerCall      RTX_CM3.lib(rt_cmsis.o)
    0x00007b2e   0x00000002   PAD
    0x00007b30   0x00000038   Code   RO         1147    i.svcTimerCreate    RTX_CM3.lib(rt_cmsis.o)
    0x00007b68   0x00000064   Code   RO         1149    i.svcTimerStart     RTX_CM3.lib(rt_cmsis.o)
    0x00007bcc   0x0000005c   Code   RO         1155    i.sysTimerTick      RTX_CM3.lib(rt_cmsis.o)
    0x00007c28   0x0000004c   Code   RO         1988    i.sys_proc_tick     Net_CM3_L.lib(net_sys.o)
    0x00007c74   0x0000002c   Code   RO          332    i.turnaround_MDIO   emac_lpc17xx.o
    0x00007ca0   0x0000002a   Code   RO            3    i.udp_cb_func       main.o
    0x00007cca   0x00000002   PAD
    0x00007ccc   0x0000002c   Code   RO         1929    i.udp_port_in_use   Net_CM3_L.lib(net_udp.o)
    0x00007cf8   0x0000002c   Code   RO         2893    locale$$code        c_w.l(lc_ctype_c.o)
    0x00007d24   0x00000014   Data   RO            4    .constdata          main.o
    0x00007d38   0x00000002   Data   RO           69    .constdata          adc_mcb1700.o
    0x00007d3a   0x00000002   Data   RO          157    .constdata          buttons_mcb1700.o
    0x00007d3c   0x00000010   Data   RO          208    .constdata          led_mcb1700.o
    0x00007d4c   0x00000068   Data   RO          255    .constdata          rtx_conf_cm.o
    0x00007db4   0x0000004c   Data   RO          334    .constdata          emac_lpc17xx.o
    0x00007e00   0x0000007c   Data   RO          518    .constdata          ssp_lpc17xx.o
    0x00007e7c   0x00000024   Data   RO          672    .constdata          phy_dp83848c.o
    0x00007ea0   0x000000ec   Data   RO          960    .constdata          net_config.o
    0x00007f8c   0x00000006   Data   RO         1821    .constdata          Net_CM3_L.lib(net_eth.o)
    0x00007f92   0x00000012   Data   RO         1964    .constdata          Net_CM3_L.lib(net_ping.o)
    0x00007fa4   0x00000008   Data   RO         1991    .constdata          Net_CM3_L.lib(net_sys.o)
    0x00007fac   0x00000008   Data   RO         2541    .constdata          Net_CM3_L.lib(net_ip4.o)
    0x00007fb4   0x00000020   Data   RO         2567    .constdata          Net_CM3_L.lib(net_ip6.o)
    0x00007fd4   0x00000010   Data   RO         2568    .constdata          Net_CM3_L.lib(net_ip6.o)
    0x00007fe4   0x00000010   Data   RO         2685    .constdata          Net_CM3_L.lib(net_addr.o)
    0x00007ff4   0x00000058   Data   RO          961    .conststring        net_config.o
    0x0000804c   0x00000020   Data   RO         3002    Region$$Table       anon$$obj.o
    0x0000806c   0x00000110   Data   RO         2892    locale$$data        c_w.l(lc_ctype_c.o)


    Execution Region RW_IRAM1 (Base: 0x10000000, Size: 0x00007188, Max: 0x00008000, ABSOLUTE)

    Base Addr    Size         Type   Attr      Idx    E Section Name        Object

    0x10000000   0x00000014   Data   RW            5    .data               main.o
    0x10000014   0x00000003   Data   RW           70    .data               adc_mcb1700.o
    0x10000017   0x00000001   PAD
    0x10000018   0x00000014   Data   RW          256    .data               rtx_conf_cm.o
    0x1000002c   0x00000018   Data   RW          335    .data               emac_lpc17xx.o
    0x10000044   0x00000010   Data   RW          519    .data               ssp_lpc17xx.o
    0x10000054   0x00000008   Data   RW          735    .data               gpdma_lpc17xx.o
    0x1000005c   0x00000004   Data   RW          914    .data               system_lpc17xx.o
    0x10000060   0x0000000e   Data   RW          962    .data               net_config.o
    0x1000006e   0x00000002   PAD
    0x10000070   0x00000008   Data   RW         1158    .data               RTX_CM3.lib(rt_cmsis.o)
    0x10000078   0x00000008   Data   RW         1695    .data               RTX_CM3.lib(rt_task.o)
    0x10000080   0x00000001   Data   RW         1868    .data               Net_CM3_L.lib(net_arp.o)
    0x10000081   0x00000003   PAD
    0x10000084   0x00000008   Data   RW         1899    .data               Net_CM3_L.lib(net_loop.o)
    0x1000008c   0x00000002   Data   RW         1931    .data               Net_CM3_L.lib(net_udp.o)
    0x1000008e   0x00000002   PAD
    0x10000090   0x00000008   Data   RW         1992    .data               Net_CM3_L.lib(net_sys.o)
    0x10000098   0x00000008   Data   RW         2025    .data               RTX_CM3.lib(rt_system.o)
    0x100000a0   0x00000004   Data   RW         2315    .data               RTX_CM3.lib(rt_time.o)
    0x100000a4   0x00000008   Data   RW         2346    .data               RTX_CM3.lib(rt_robin.o)
    0x100000ac   0x00000001   Data   RW         2425    .data               RTX_CM3.lib(hal_cm.o)
    0x100000ad   0x00000001   Data   RW         2501    .data               Net_CM3_L.lib(net_ndp.o)
    0x100000ae   0x00000002   PAD
    0x100000b0   0x00000008   Data   RW         2542    .data               Net_CM3_L.lib(net_ip4.o)
    0x100000b8   0x00000008   Data   RW         2569    .data               Net_CM3_L.lib(net_ip6.o)
    0x100000c0   0x00001110   Zero   RW          254    .bss                rtx_conf_cm.o
    0x100011d0   0x00002a74   Zero   RW          333    .bss                emac_lpc17xx.o
    0x10003c44   0x00000028   Zero   RW          517    .bss                ssp_lpc17xx.o
    0x10003c6c   0x0000000c   Zero   RW          671    .bss                phy_dp83848c.o
    0x10003c78   0x000000a0   Zero   RW          734    .bss                gpdma_lpc17xx.o
    0x10003d18   0x00002fdc   Zero   RW          959    .bss                net_config.o
    0x10006cf4   0x00000034   Zero   RW         1694    .bss                RTX_CM3.lib(rt_task.o)
    0x10006d28   0x00000094   Zero   RW         1820    .bss                Net_CM3_L.lib(net_eth.o)
    0x10006dbc   0x00000010   Zero   RW         1867    .bss                Net_CM3_L.lib(net_arp.o)
    0x10006dcc   0x00000014   Zero   RW         1930    .bss                Net_CM3_L.lib(net_udp.o)
    0x10006de0   0x00000020   Zero   RW         1963    .bss                Net_CM3_L.lib(net_ping.o)
    0x10006e00   0x00000030   Zero   RW         1989    .bss                Net_CM3_L.lib(net_sys.o)
    0x10006e30   0x00000018   Zero   RW         1990    .bss                Net_CM3_L.lib(net_sys.o)
    0x10006e48   0x00000030   Zero   RW         2155    .bss                RTX_CM3.lib(rt_list.o)
    0x10006e78   0x0000003c   Zero   RW         2500    .bss                Net_CM3_L.lib(net_ndp.o)
    0x10006eb4   0x00000014   Zero   RW         2613    .bss                Net_CM3_L.lib(net_mem.o)
    0x10006ec8   0x0000005c   Zero   RW         2684    .bss                Net_CM3_L.lib(net_addr.o)
    0x10006f24   0x00000060   Zero   RW         2732    .bss                c_w.l(libspace.o)
    0x10006f84   0x00000004   PAD
    0x10006f88   0x00000000   Zero   RW          900    HEAP                startup_lpc17xx.o
    0x10006f88   0x00000200   Zero   RW          899    STACK               startup_lpc17xx.o


==============================================================================

Image component sizes


      Code (inc. data)   RO Data    RW Data    ZI Data      Debug   Object Name

       200         44          2          3          0      47420   adc_mcb1700.o
        48          6          2          0          0       1414   buttons_mcb1700.o
      3302        288         76         24      10868      59703   emac_lpc17xx.o
      1204         94          0          8        160       8062   gpdma_lpc17xx.o
       160         20          0          0          0       2231   gpio_lpc17xx.o
       136          8         16          0          0       1916   led_mcb1700.o
       214         28         20         20          0      13715   main.o
        22          0        324         14      12252      21754   net_config.o
       644         44         36          0         12      10390   phy_dp83848c.o
       252          6          0          0          0        804   pin_lpc17xx.o
       126         26        104         20       4368       9131   rtx_conf_cm.o
      3896        106        124         16         40      30252   ssp_lpc17xx.o
        64         26        204          0        512       1028   startup_lpc17xx.o
       320         18          0          4          0        835   system_lpc17xx.o

    ----------------------------------------------------------------------
     10598        714        940        112      28212     208655   Object Totals
         0          0         32          0          0          0   (incl. Generated)
        10          0          0          3          0          0   (incl. Padding)

    ----------------------------------------------------------------------

      Code (inc. data)   RO Data    RW Data    ZI Data      Debug   Library Member Name

       952         54         16          0         92       1012   net_addr.o
      1908        136          0          1         16       1120   net_arp.o
        78          4          0          0          0        216   net_common.o
      1946        122          6          0        148       1188   net_eth.o
       348         22          0          0          0        164   net_icmp.o
       476         32          0          0          0        252   net_icmp6.o
       936         72          8          8          0        824   net_ip4.o
       638         72         48          8          0        648   net_ip6.o
       260         26          0          8          0        244   net_loop.o
       372         34          0          0         20        396   net_mem.o
      2442        174          0          1         60       1504   net_ndp.o
       108         20         18          0         32        212   net_ping.o
       408         68          8          8         72        560   net_sys.o
       974         42          0          2         20        876   net_udp.o
       238         24          0          1          0       3312   hal_cm.o
       304         36          0          0          0        768   hal_cm3.o
      2242        244          0          8          0      50579   rt_cmsis.o
       300         24          0          0          0       3183   rt_event.o
       566         44          0          0         48       8792   rt_list.o
       554         10          0          0          0       3949   rt_mailbox.o
       140          0          0          0          0       1925   rt_membox.o
       128          0          0          0          0       2307   rt_memory.o
       352         14          0          0          0       2105   rt_mutex.o
        96         22          0          8          0       1158   rt_robin.o
       186         10          0          0          0       2902   rt_semaphore.o
       334         64          0          8          0       7091   rt_system.o
      1264        184          0          8         52      10147   rt_task.o
         0          0          0          4          0        214   rt_time.o
         4          4          0          0          0        208   svc_table.o
        60          8          0          0          0         84   __0sscanf.o
         8          0          0          0          0         68   __main.o
         0          0          0          0          0          0   __rtentry.o
        20          0          0          0          0          0   __rtentry2.o
         6          0          0          0          0          0   __rtentry4.o
        52          8          0          0          0          0   __scatter.o
        26          0          0          0          0          0   __scatter_copy.o
        28          0          0          0          0          0   __scatter_zi.o
        28          0          0          0          0         68   _chval.o
       884          6          0          0          0        100   _scanf.o
       332          0          0          0          0         96   _scanf_int.o
        64          0          0          0          0         84   _sgetc.o
        18          0          0          0          0         80   exit.o
         6          0          0          0          0        152   heapauxi.o
         0          0          0          0          0          0   indicate_semi.o
        18          0          0          0          0         76   isspace.o
        44         10        272          0          0         76   lc_ctype_c.o
         2          0          0          0          0          0   libinit.o
        20          0          0          0          0          0   libinit2.o
         2          0          0          0          0          0   libshutdown.o
         2          0          0          0          0          0   libshutdown2.o
         8          4          0          0         96         68   libspace.o
       238          0          0          0          0        100   lludivv7m.o
        88          0          0          0          0         76   memcmp.o
        16          4          0          0          0         76   rt_ctype_table.o
        10          0          0          0          0         76   rt_locale_twolibspace.o
        68          0          0          0          0         68   rt_memclr.o
        78          0          0          0          0         80   rt_memclr_w.o
       138          0          0          0          0         68   rt_memcpy_v6.o
       100          0          0          0          0         80   rt_memcpy_w.o
         2          0          0          0          0          0   rtexit.o
        10          0          0          0          0          0   rtexit2.o
        44          8          0          0          0         84   scanf_char.o
       128          0          0          0          0         68   strcmpv7m.o
        12          4          0          0          0         68   sys_exit.o
        74          0          0          0          0         80   sys_stackheap_outer.o
         2          0          0          0          0         68   use_no_semi.o

    ----------------------------------------------------------------------
     21234       1610        376         80        660     109800   Library Totals
        44          0          0          7          4          0   (incl. Padding)

    ----------------------------------------------------------------------

      Code (inc. data)   RO Data    RW Data    ZI Data      Debug   Library Name

     11846        878        104         36        460       9216   Net_CM3_L.lib
      6708        680          0         37        100      98640   RTX_CM3.lib
      2636         52        272          0         96       1944   c_w.l

    ----------------------------------------------------------------------
     21234       1610        376         80        660     109800   Library Totals

    ----------------------------------------------------------------------

==============================================================================


      Code (inc. data)   RO Data    RW Data    ZI Data      Debug   

     31832       2324       1316        192      28872     300875   Grand Totals
     31832       2324       1316        192      28872     300875   ELF Image Totals
     31832       2324       1316        192          0          0   ROM Totals

==============================================================================

    Total RO  Size (Code + RO Data)                33148 (  32.37kB)
    Total RW  Size (RW Data + ZI Data)             29064 (  28.38kB)
    Total ROM Size (Code + RO Data + RW Data)      33340 (  32.56kB)

==============================================================================

